
> test
> node devtools/product-flow-safety.test.mjs && node --test devtools/senior-mode.test.mjs devtools/task-time.test.mjs devtools/guided-page-tour.test.mjs devtools/guided-onboarding.test.mjs devtools/mailbox-fragments.test.mjs devtools/invitation-arrival.test.mjs devtools/encounter-economy.test.mjs devtools/encounter-production.test.mjs devtools/reward-claim.test.mjs devtools/expedition-art.test.mjs devtools/lionheart.test.mjs devtools/standard-ur-carousel.test.mjs devtools/today-habits.test.mjs devtools/feature-release-review.test.mjs devtools/pet-awakening.test.mjs devtools/bond-journey.test.mjs devtools/font-size-settings.test.mjs devtools/workshop-gifts.test.mjs devtools/gameplay-improvement.test.mjs devtools/summon-perf.test.mjs devtools/backup-safety.test.mjs devtools/pool-content-contract.test.mjs devtools/gacha-transaction.test.mjs devtools/gacha-ten-guarantee.test.mjs devtools/app-update.test.mjs devtools/release-safety.test.mjs devtools/release-artifact.test.mjs devtools/card-pool-pipeline.test.mjs devtools/pool-release-review.test.mjs devtools/verify-release-artifact.test.mjs devtools/preview-cache-recovery.test.mjs devtools/onboarding-flow.test.mjs devtools/feedback.test.mjs devtools/feedback-backend.test.mjs devtools/share-service.test.mjs devtools/reminders.test.mjs && node devtools/v343-reveal-flow-logic-test.mjs && node --test devtools/reward-claim.test.mjs devtools/theme-preferences.test.mjs devtools/theme-design.test.mjs && node --test devtools/reward-claim.test.mjs devtools/honeylight-animation.test.mjs devtools/summon-timing.test.mjs

PASS I01 delayed double submit writes once and Cancel cannot dismiss pending save
PASS I01 rejected write preserves input and permits one corrected retry
PASS I01 service validation failure stays editable and editing uses existing identity
PASS I01 refresh failure after committed save gives honest feedback and cannot recreate
PASS I01 Cancel outside pending state remains a single-step exit
PASS I01 modal Close, backdrop and Escape respect pending habit save without changing task protection
PASS I06 actual rendered subtask control communicates next action, state and escaped identity
PASS I03 startup failure remains visible even when fallback UI initialization also fails
PASS I03 success path still removes its loader using actual hideLoader closure
PASS I07 restore failure reports neutral consistent recovery instructions
PASS I07 refresh failure reports neutral consistent recovery instructions
PASS I07 successful restore still shows success panel and does not show error
RESULT 12 focused checks passed. Boundaries use mocks; browser scenarios verify native flow.
✔ a complete asynchronous UI action blocks updates across gaps between writes, then unlocks (1.1777ms)
✔ explicit update activates only the installed, pinned generation with one scoped caller; never claims (39.2614ms)
✔ another app window vetoes activation, including uncontrolled and legacy clients (5.1417ms)
✔ preview sibling clients do not block the production scope (6.5523ms)
✔ missing cache, wrong artifact, active worker, wrong caller and legacy skip remain fail closed (20.5805ms)
✔ bootstrap verifies new worker bytes installed at an old script URL before opening the DB/runtime (8.4765ms)
✔ restore preserves edited unfinished first practice as a completable shared task without losing receipts (17.756ms)
✔ verified historical exporters remain valid and migrate to complete snapshots (9.9929ms)
✔ pre-camp V3.4.17 backup remains importable without camp or new region fields (1.4821ms)
✔ V3.5.2 six-region backup preserves bond journey and adds fresh cloudrest progress (2.7541ms)
✔ V3.5.3 through V3.5.5 seven-region saves migrate without inventing Lionheart rewards (3.4868ms)
✔ partial current backup cannot masquerade as an older complete shape (3.167ms)
✔ every current core field is required before normalization (8.689ms)
✔ top-level/data and projected aliases must agree (2.6345ms)
✔ duplicate persistent keys and malformed nested records are rejected (3.5268ms)
✔ money, counters, booleans and dangerous object keys fail closed (5.392ms)
✔ future/unknown partial formats are rejected with a compatibility explanation (1.3188ms)
✔ snapshot restoration does not roll historical quest dates forward or maximize draws (1.0447ms)
✔ empty nested state and ID-only rows cannot be silently normalized into defaults (12.2683ms)
✔ every serialized nested state field is required before legacy normalization (85.3479ms)
✔ malformed nested maps, date/counter values and missing fixed entries fail closed (12.9601ms)
✔ collection state cannot override trusted catalog presentation through companion merge (22.175ms)
✔ valid daily, cancelled and weekly habit logs and item usage variants remain accepted (1.4677ms)
✔ active/completed expeditions preserve full reward records and reject partial rewards (11.0908ms)
✔ daily history supports check-in, wheel-only and combined persisted variants (1.1357ms)
✔ export preflight permits fresh/mixed legacy stores but refuses existing malformed state (1.8012ms)
✔ claim markers that normalizers would discard or rewrite are rejected (1.0012ms)
✔ encounter snapshot requires currency, reconciled collection and an honest conversion receipt (3.5656ms)
✔ all current pets have four distinct authored chapters, two replies and unique keepsakes (5.1565ms)
✔ new saves and old high-level pets retain their original level and start at the first story (0.5372ms)
✔ malformed story chapters return validation errors, including array-like choices (22.7917ms)
✔ Lv.5 habit agreements require five distinct completions (1.398ms)
✔ past completions and exact acceptance time are not credited (0.656ms)
✔ fresh matching task completion survives reload and cannot be credited twice or undone (0.7014ms)
✔ habit progress counts distinct dates, ignores weekly reward aliases and preserves nonconsecutive progress (0.7687ms)
✔ pausing excludes completions; resuming uses a new observation boundary without losing progress (0.3937ms)
✔ already used completions cannot earn another chapter or daily reward (0.2892ms)
✔ deleted/archived goals do not invent progress or force punishment (0.4982ms)
✔ malformed journey snapshots are rejected without exceptions or silent defaulting (1.8253ms)
✔ locked chapters do not expose secret paragraphs and choices cannot inject markup (0.5908ms)
✔ selectors expose only eligible goals and mark replacement progress reset (0.2312ms)
✔ keepsakes remain private until the final story agreement is claimed (0.134ms)
✔ historical backup migration creates empty journeys without changing wallet, pet levels or fonts (6.6556ms)
✔ V3.5.1 backups require journey data and preserve active, paused, completed and reward records (7.6914ms)
✔ reviewed animation choice is hash-bound and cannot silently fall back to none (2761.095ms)
✔ glacier scaffold carries its reviewed animation and no expansion through staging (1513.3656ms)
✔ synthetic pool SOP approves exact bytes, stages all catalogs and 512px variants, and deterministically resumes (2403.6613ms)
✔ hash approval requires ordered reviews, preserves history and invalidates changed downstream content (2511.1078ms)
✔ missing or modified approval snapshot blocks staging and is never silently recreated or overwritten (1136.0847ms)
✔ invalid economics, missing unlock, wrong gift, conflicting tags and pet IDs block approval (188.8355ms)
✔ unreachable rarity, missing Lore and incomplete prompts block the candidate (228.1215ms)
✔ assets require real complete square PNGs at least 512px and image changes revoke approval (1272.3622ms)
✔ pool and pet reservations survive separate drafts and concurrent init; dead lock is never stolen (318.5886ms)
✔ baseline drift blocks stale workspaces and a reviewed source promotion preserves first pool in the next candidate (3460.9503ms)
✔ reused candidate must match reproduced approved bytes, even if an altered catalog updates its self-hashes (2533.2132ms)
✔ interrupted staging leaves approved sources usable and does not reuse a partial directory (1615.189ms)
✔ authoring and image writers reject external and internal junctions without modifying their targets (65.2187ms)
✔ CLI status, validation and dry-run use explicit fixture root and do not write reports or production files (1798.263ms)
✔ new real workspace requires SOP and production pins; legacy workspaces still stage in their original format (1638.051ms)
✔ SOP companion food, recipient, recipe, specialty and region assessment are hard content gates (849.9986ms)
✔ selecting a new region cannot stage an unimplemented story or omit its actual milestone ladder (209.0973ms)
✔ a complete new region uses actual runtime stories/discoveries/milestones and source-specialty behavior (2048.3551ms)
✔ companion hashes revoke downstream reviews, preserve candidates and detect baseline drift or policy downgrade (3302.9547ms)
✔ real SOP artwork requires explicit human reviewer; internal stages accept AI reviews (899.643ms)
✔ reviewed refund cases and mixed collection convert exactly once without inventing bond (2.0265ms)
✔ fresh users have no conversion message; legacy 1-star users do (0.2699ms)
✔ unknown catalog identities retain resources, nickname and story identity (0.1453ms)
✔ invalid, overflowing and inconsistent transitions fail without mutating inputs (0.5659ms)
✔ SSR/UR invitation is a selected first encounter; owned, locked and other rarities cannot spend (2.0934ms)
✔ cross-pool candidates respect formal activation and real expansion unlocks (0.3178ms)
✔ all five duplicate rarities pay the shared balance without changing bond or specialty (9.3987ms)
✔ ten-pull SR floor and both pity boundaries survive economy integration (2.2585ms)
✔ intimacy owns specialty growth and legacy capabilities are a protected floor (2.4766ms)
✔ Native single and ten fragment outcomes remain separate and ordered (1.2024ms)
✔ Production presentation cannot seed, clear, or replay collection writes (1.2167ms)
✔ expedition gate rejects a missing new destination even with an SVG placeholder (0.9799ms)
✔ expedition gate decodes pixels and rejects fake, corrupt or unusable images (91.451ms)
✔ every published expedition has decoded landscape artwork and offline precache (402.2349ms)
✔ feature evidence never fabricates acceptance; both exact-package decisions and explicit phrase required (1.2362ms)
✔ catalog preservation ignores object serialization order but binds every value and array order (0.327ms)
✔ changes to source, either artifact, baseline, preview or actual validation revoke old consent (0.2839ms)
✔ anonymous report is durably inserted, retry is idempotent, altered payload cannot overwrite (77.4821ms)
✔ there is no public list or read endpoint; disallowed origins cannot send (1.6705ms)
✔ validation and streamed size limits reject bad input before database writes (2.5851ms)
✔ diagnostics allowlist and parameter binding prevent extra private fields and SQL injection (2.0628ms)
{"event":"feedback_intake_failed"}
✔ rate limit and database failure return retryable errors without false success (1.6411ms)
✔ daily cap prevents additional inserts but still acknowledges retries (27.6695ms)
✔ required fields reject whitespace and malformed persisted drafts recover safely (1.3279ms)
✔ drafts survive reload, can be cleared, and storage failures are reported (0.3816ms)
✔ diagnostics contain useful environment data without URLs, tasks or account data (0.2374ms)
✔ environment diagnostics require opt-in; reports have stable structure and an ID (5.8023ms)
✔ direct POST preserves special characters, omits credentials and verifies receipt (70.0494ms)
✔ long Chinese reports are submitted intact without URL length limits (0.7637ms)
✔ offline shell caches feedback modules and matches current version cache (8.5948ms)
✔ failed, rate-limited and malformed replies never count as accepted (19.3958ms)
✔ uncertain submissions reuse the exact payload after reload; receipt clears the draft (0.5917ms)
✔ old preferences use the original size; invalid font sizes cannot alter the scale (1.4459ms)
✔ applying a font size does not overwrite the selected theme (0.2692ms)
✔ backups preserve font size and gameplay; backups without the field restore the original size (37.638ms)
✔ a configured ten replaces only its final N/R with SR, with the same cost, RNG budget and pity credit (4.6865ms)
✔ a natural SR, SSR or UR is retained and prevents any low-rarity promotion (1.428ms)
✔ both existing pity boundaries outrank the SR floor and reset only their own counters (0.5884ms)
✔ a promoted duplicate grants its actual SR fragments once and leaves progression intact (0.7437ms)
✔ single draws and unconfigured legacy pools retain their existing behavior (0.5509ms)
✔ invalid guarantee types and missing SR candidates cannot enter a draw (1.4157ms)
✔ single and ten preserve public result shapes, wallet fields, and within-ten duplicates (9.9967ms)
✔ SSR and UR pity boundaries, resets, legacy standard mirrors, and other pools stay independent (1.5021ms)
✔ every rarity uses its existing duplicate compensation without erasing progression fields (13.4265ms)
✔ threshold single is locked; the next single can select an expanded candidate (1.3366ms)
✔ ten freezes every candidate before unlock and grants one actual-rarity gift after its results (0.4937ms)
✔ two new pools sharing expansion key keep separate gifts and preserve the legacy grant identity (20.7412ms)
✔ gift recovery reconciles markers once, repairs only missing pets, and never guesses lost fragments (1.0335ms)
✔ rejected content, insufficient money, overflow and bad RNG never mutate planner inputs (1.9973ms)
✔ planner accepts deeply frozen snapshots and changes no original counters, catalog or collection (0.4478ms)
✔ recommendations match each objective and outrank a stronger nonmatching companion (19.4511ms)
✔ recommendations exclude unowned and busy pets, cap at three, and prioritize specialty level (1.779ms)
✔ empty matches do not claim other specialties are recommended; ties remain deterministic (0.6278ms)
✔ first forest journey uses one energy and three minutes only once (0.1676ms)
✔ a newly met ordinary pet is useful and objectives make recognizable differences (0.4521ms)
✔ intimacy and team specialties improve the result without requiring high rarity (0.1941ms)
✔ every published region has the same milestone ladder and valid camp material references (1.4914ms)
✔ only a truly pristine installation enters practice; every legacy status bypasses it (2.0398ms)
✔ read acknowledgements cannot bypass creation, completion or reward observation (0.9904ms)
✔ the full practice flow requires matching real actions and versions completion (0.9037ms)
✔ every checkpoint survives reload and reconciles committed task/receipt after interruption (0.437ms)
✔ replay uses a new identity and explicitly labels preview rewards (0.2035ms)
✔ tutorial metadata survives migration and is excluded from awakening and reminders (23.583ms)
✔ stale clicks cannot acknowledge a different step or a different replay run (0.2282ms)
✔ education requires deliberate acknowledgement and preserves unaided task transfer (0.382ms)
✔ page tour covers twelve real pages and progresses to completion (1.6982ms)
✔ pause survives serialization; resume preserves position; completed replay starts over (0.2355ms)
✔ stale rapid next and paused actions cannot skip a lesson (0.8465ms)
✔ invalid saved cursor is bounded without changing economy or formal task data (0.1904ms)
✔ commit completes once before the pool arrival; native dialog suspension does not cancel the result (21.1504ms)
✔ replay awaits the existing reveal without another invite or charge (6.5349ms)
✔ storage failure never starts a winning reveal (0.5869ms)
✔ a reveal failure preserves the committed companion and balance with truthful retry copy (0.7175ms)
✔ reduced motion announces the acquired character without opening a full reveal (0.3065ms)
✔ completion of an older reveal cannot overwrite a newly opened invitation model (13.9314ms)
✔ explicit specialties work without changing any published pet at every star level (364.7095ms)
✔ invalid explicit specialties are rejected by both shared catalog validators (1.8107ms)
✔ pure biological wind griffin can actually scout and improve exploration (0.5128ms)
✔ city discovery and specialist material bonus reach the real planner (0.2257ms)
✔ dedicated template and both UR reveal keys are accepted by actual presentation routing (0.3265ms)
✔ workshop shows new gear source without mutating the original catalog row (0.1432ms)
✔ new pool authored chapters merge additively and reject attempts to replace published stories (11.4835ms)
✔ city has five real stories with the authored one-time rewards and readable badge (3.2433ms)
✔ fragment rewards require integers, a cap, known keys and compatible publication version (1.3231ms)
✔ a fragment-only gift commits exactly 50 and the same gift cannot be reclaimed by another client (98.133ms)
✔ concurrent clients grant one gift once through the persisted transaction marker (60.6699ms)
✔ overflow, invalid state and unfinished migration never mark a failed reward claimed or grant other resources (288.6655ms)
✔ an old App cannot claim the gift and bulk claims report fragments without losing other rewards (0.6524ms)
✔ each lesson leads with a short action and preserves its rules behind disclosure (2.318ms)
✔ bond teaching covers the journey without requiring story rewards or a level upgrade (1.1063ms)
✔ existing bond lesson progress resumes and its entry targets the owned companion (1.3473ms)
✔ first-use eligibility requires an entirely empty profile before normal initialization (0.2902ms)
✔ saved step and practice task survive normalization for resume (0.326ms)
✔ existing users retain core decisions and receive unstarted chapters without a welcome (1.0504ms)
✔ chapters preserve reading position and practice evidence independently of core progress (0.3005ms)
✔ understanding a chapter does not claim practice or complete other chapters (0.1911ms)
✔ only the matching successful action at the practice step counts (0.5316ms)
✔ switching chapters pauses the old one; back and replay retain completed practice (0.2892ms)
✔ malformed chapter data cannot activate multiple coaches or invent practice (0.1151ms)
✔ teaching previews handle absent resources, invitation balance, cooldown and changing catalogs without writes (2.2906ms)
✔ guide advances only from successful matching product actions (0.2156ms)
✔ creating a task after choosing to continue later attaches it to the reward step (0.0876ms)
✔ dismissed and paused guides never advance from background actions (0.0935ms)
✔ all twenty authored entries preserve original hashes and have distinct stories, titles and tokens (157.0392ms)
✔ no history or events at acceptance count; reducer does not mutate input (1.9153ms)
✔ task ID and habit ID/date remain globally unique after undo, replay and switching pets (8.8576ms)
✔ only cloudrest claims with participant and a trial-era departure count (0.7853ms)
✔ token guaranteed once, completion frees active slot and pause/resume preserves partial progress (3.1353ms)
✔ malformed states reject duplicated credit, missing token, multiple active pets or unauthorised forms (3.875ms)
✔ unawakened toad uses initial art; awakened forms never mutate canonical draw art (2.1164ms)
✔ all twenty previews and unawakened portraits use initial art, regardless of ownership; other pools unchanged (1.1293ms)
✔ pool and full guide explain gates, trial-era departure and ritual without revealing awakened portraits (0.2627ms)
✔ old backups default unawakened; current backups require and roundtrip progress/forms and reject malformed record (23.8806ms)
✔ reader previews costs, rewards and workbench when food missing; escapes user nickname (5.1198ms)
✔ swordwild registered theme reaches the actual themed-summon path (1.9066ms)
✔ swordwild story motifs are UR-only metadata independent of pet identity (0.5163ms)
✔ swordwild prelude follows the same Lionheart clock for every rarity (4.0514ms)
✔ legacy golden economics and locked/unlocked candidates are unchanged (4.0372ms)
✔ legacy presentation preserves identity, heroes, cast order, and Chinese copy (3.4952ms)
✔ two unpublished pools with the same expansion key have independent grants and economics (2.013ms)
✔ identity survives threshold changes and different pools cannot inherit legacy grants (1.2351ms)
✔ effective filtering is OR with no duplicates and never changes the input snapshot (0.3311ms)
✔ visual lock delays only presentation after a committed unlock (0.3426ms)
✔ zero active pools do not fall back to inactive content (0.5471ms)
✔ legacy special reveals and explicit templates are reusable without pool identity (0.1485ms)
✔ malformed pool 1: POOL_COST_INVALID (0.2067ms)
✔ malformed pool 2: POOL_COST_INVALID (0.1149ms)
✔ malformed pool 3: POOL_COST_INVALID (0.1065ms)
✔ malformed pool 4: POOL_COST_INVALID (0.1244ms)
✔ malformed pool 5: POOL_RATE_INVALID (0.0971ms)
✔ malformed pool 6: POOL_RATE_INVALID (0.098ms)
✔ malformed pool 7: POOL_RATE_SUM (0.1398ms)
✔ malformed pool 8: POOL_RATE_SUM (0.1172ms)
✔ malformed pool 9: POOL_PITY_INVALID (0.1315ms)
✔ malformed pool 10: POOL_PITY_INVALID (0.0969ms)
✔ malformed pool 11: POOL_ACTIVE_INVALID (0.1733ms)
✔ malformed pool 12: POOL_ID_INVALID (0.1135ms)
✔ malformed pool 13: POOL_LIST_INVALID (0.1962ms)
✔ malformed pool 14: POOL_LIST_DUPLICATE (0.1086ms)
✔ malformed pool 15: POOL_LIST_ENTRY (0.1398ms)
✔ malformed pool 16: POOL_THEME_UNKNOWN (0.1078ms)
✔ malformed pool 17: POOL_ANIMATION_UNKNOWN (0.0868ms)
✔ malformed pool 18: POOL_THRESHOLD_INVALID (0.1502ms)
✔ malformed pool 19: POOL_PROGRESS_SCOPE (0.089ms)
✔ malformed pool 20: POOL_EXPANSION_KEY (0.1463ms)
✔ malformed pool 21: POOL_UNLOCK_ANIMATION (0.074ms)
✔ malformed pool 22: POOL_REFERENCE_MISSING (0.1685ms)
✔ malformed pool 23: POOL_REFERENCE_PHASE (0.1424ms)
✔ malformed pool 24: POOL_REFERENCE_PHASE (0.1169ms)
✔ malformed pool 25: POOL_EXPANSION_EMPTY (0.1393ms)
✔ draw count, malformed direct normalization, schema version, and catalog failures (1.2895ms)
✔ normal rates and pity reachable rarities each need valid candidates, including inactive pools (0.295ms)
✔ presentation input remains inert plain text and unknown pet reveal templates are rejected (0.2101ms)
✔ published identity cannot disappear or silently change its gift; disabling is allowed (0.5919ms)
✔ all public model builders accept deeply frozen content and leave original catalog unchanged (0.4034ms)
✔ validator returns issues, without throwing, for malformed JSON-shaped field types (1.4437ms)
✔ an unused tag is an error even when another tag supplies valid candidates (0.4126ms)
✔ legacy presentation adapters use canonical registry and reject unknown content (0.2067ms)
✔ glacier template validates independently of pool identity and preserves all base candidates (1.5334ms)
✔ reveal controller reuses explicit metadata and preserves legacy captions (0.3615ms)
✔ shared schema forwards all pool contract errors and preserves pet reveal metadata (2.2183ms)
✔ Builder preview keeps legacy shape and adds effective unlocked counts without throwing on errors (2.7273ms)
✔ read-only pool CLI reports valid official content and exits nonzero for wrong catalog shape (463.2091ms)
✔ whole-package acceptance and explicit release authorization are separate exact-package gates (1.2203ms)
✔ changes to either artifact, source, candidate or acceptance evidence invalidate the final approval (0.6008ms)
✔ actual legacy activation evicts preview; verified navigation, module and versioned bundle recover without lifecycle or DB effects (48.9121ms)
✔ legacy eviction followed by bad-hash never publishes unverified navigation, module or catalog bytes (6.0876ms)
✔ legacy eviction followed by http-503 never publishes unverified navigation, module or catalog bytes (2.0894ms)
✔ legacy eviction followed by offline never publishes unverified navigation, module or catalog bytes (1.5804ms)
✔ partial eviction repairs only the missing canonical asset and ignores caller query versions (3.3459ms)
✔ recovery never borrows another namespace or touches an out-of-scope URL (3.5992ms)
✔ two concurrent clients independently receive complete verified bytes and leave one canonical cache entry (25.0592ms)
✔ a racing wrong-generation response cannot overwrite another client’s verified repair (26.9507ms)
✔ source checkout has no profile or hashes: a cache miss fails closed without trusting a live URL (11.4443ms)
✔ release descriptor has no hash manifest: a cache miss fails closed without trusting a live URL (4.1453ms)
✔ release hash manifest omits this asset: a cache miss fails closed without trusting a live URL (1.9292ms)
✔ source checkout must not recover using stray hashes: a cache miss fails closed without trusting a live URL (1.8294ms)
▶ release artifact preparation is immutable, isolated and content complete
  ✔ dry-run validates without creating output or modifying source (1203.4187ms)
  ✔ a new expedition without generated raster art cannot create an artifact (965.575ms)
  ✔ production config, final-byte precache hashes and baseline files agree (2658.0502ms)
  ✔ identical inputs reuse identical artifact and preview is isolated (4114.8163ms)
  ✔ recursive literal imports are discovered and missing imports fail before writes (1809.4335ms)
  ✔ another runtime validator cannot be certified using this checkout contract (844.0336ms)
  ✔ later authoring promotion never changes the legacy URLs served to old clients (3229.1165ms)
  ✔ bootstrap entrypoint and its dynamic app import are included in precache (1029.6269ms)
  ✔ missing image references and unsafe output roots are rejected (997.5998ms)
  ✔ candidate hashes, additive identities and unchanged legacy catalogs are enforced (7668.7006ms)
  ✔ existing artifact corruption and missing files are never overwritten (2215.9618ms)
  ✔ junction/symlink inputs and output roots are refused (157.7049ms)
✔ release artifact preparation is immutable, isolated and content complete (28536.7725ms)
✔ unavailable or browser-denied service workers provide recovery without loading product code (4.7548ms)
✔ release bootstrap opens no product code until controlled and refuses partial profiles or reload loops (0.9525ms)
✔ legacy or mismatched controlling worker cannot execute a new runtime before all old clients close (0.3448ms)
✔ first release installation failure and timeout reject without importing app or reloading (13.0277ms)
✔ release loader accepts exactly one hash-verified complete catalog generation (96.1787ms)
✔ incompatible, corrupt, partial and unavailable releases never fall back to mutable catalogs (64.2016ms)
✔ required precache 503 and digest mismatch abort installation before cache publication (110.5374ms)
✔ successful installation does not force activation, claim clients or honor old skip messages (13.2468ms)
✔ both production and preview activation preserve every other cache namespace (41.5887ms)
✔ verified shell serves one generation online/offline and never reads another scope (5.8373ms)
✔ mailbox HTTP 503 falls back only to the exact current-scope cache entry (2.728ms)
✔ assembled releases reject debug query, local flags and test currency before any write (3.8729ms)
✔ legacy perf shortcut cannot create a diagnostic panel in assembled releases (1.6974ms)
✔ persistent alarm stays on minute boundaries, cannot be postponed by sync, and survives dispatch failure (1.2522ms)
✔ scheduler bootstrap requires a separate admin secret; health never starts background work (65.8913ms)
✔ tomorrow crosses month/year, next local reminder respects current time and DST gaps/folds (31.9312ms)
✔ projection excludes completed/archive/private text and titles require explicit opt-in (3.7781ms)
✔ digest deduplicates date conditions, excludes completed habits and resets weekly goals across weeks (2.6906ms)
✔ subscription validation blocks arbitrary URL fetches and strips private payload fields (0.9903ms)
✔ anonymous credential protects state; sync is monotonic, idempotent and CORS is restricted (72.9617ms)
✔ parallel scheduler claims once, sends the current day and advances without a second notification (11.6116ms)
✔ empty and expired summaries do not send; subscription expiry disables reminders (24.1337ms)
✔ temporary failures retry at most three times and do not block the next day (22.0453ms)
✔ a missed earlier day recovers today within its window without skipping or duplicating today (14.8187ms)
✔ recovery never catches up after today's delivery window expires (6.7182ms)
✔ changing to a later time can reschedule an unsent skipped day, but cannot resend an accepted day (40.8318ms)
{"event":"reminder-schedule-completed","scheduledAt":1791193131958}
{"event":"reminder-schedule-failed","scheduledAt":1791193191958}
{"event":"reminder-schedule-completed","scheduledAt":1790812800000}
✔ moving a claimed unsent reminder to a future time keeps that day eligible (12.6113ms)
✔ scheduler health requires a completed background run, and reports a stalled or failed scheduler (3.0611ms)
✔ a delayed platform trigger uses execution time and does not send a stale notification (6.1993ms)
✔ Web Push payload is encrypted and decrypts using only the receiving device key (14.8305ms)
✔ bulk claims wait for each commit and summarize all reward types (9.5002ms)
✔ partial failures preserve successful grants and identify retryable entries (0.4766ms)
✔ empty claims grant nothing; an invalid category releases the shared lock (0.2479ms)
✔ older preferences stay in normal mode; invalid values never enable a different presentation (15.6912ms)
✔ enabling, disabling and invalid mode removal preserve the original theme and text preference (0.4299ms)
✔ mode persistence and concurrent preference updates do not change any task, pet, currency or progression (232.5303ms)
✔ backup roundtrip preserves mode and guide status with exactly the same shared progression (17.6733ms)
✔ invalid or conflicting backup preferences are rejected before normalization can hide corruption (5.0216ms)
✔ native share has one official website URL and no competing app preview (1.2043ms)
✔ unsupported sharing and user cancellation remain distinct (0.2207ms)
✔ copy uses Clipboard API and falls back when permission is denied (0.2546ms)
✔ preview uses only the standard pool eligible URs, excluding limited characters (12.4841ms)
✔ repeated clicks wrap, rerender retains selection, and obsolete image loads stay hidden (1.5394ms)
✔ retired App animation setting does not leave old profiles in reduced mode (0.8302ms)
✔ sized image paths are optional and originals remain the fallback (1.1782ms)
✔ preloads with the same URL share one in-flight Image and retry failures (0.4021ms)
✔ first reveal card loads before its stage upgrade and ten-pull thumbnails (4.0807ms)
✔ slow stage image does not hold up the first card or other ten-pull thumbnails (8.0768ms)
✔ a failed sized asset retries the original PNG (1.7058ms)
✔ collection redraw is deferred once and remains dirty if rendering throws (0.9726ms)
✔ preview Pages uses a separate IndexedDB from the live Pages app (6.9016ms)
✔ preview service worker leaves live Pages caches intact (4.5034ms)
✔ optional clock metadata accepts a local HH:mm without changing planning or rewards (4.657ms)
✔ invalid task times reject before writing a task (5.3775ms)
✔ backup round trips optional time and rejects malformed time before normalization (36.8922ms)
✔ today shows active daily habits, with pending first and no mutation of the saved data (1.1513ms)
✔ category filtering applies to habits without reclassifying or creating tasks (0.267ms)
✔ controls reflect the stored date, escape user text and retain undo after completion (4.7609ms)
✔ empty and failed loads have distinct recovery actions (0.1534ms)
▶ strict verifier accepts assembler output and rejects unsafe or inconsistent deployment bytes
  ✔ genuine production and preview assembler output and CLI pass (4782.0762ms)
  ✔ all caller pins are mandatory and binding (12.9439ms)
  ✔ extra, missing and untracked empty directories fail (2370.078ms)
  ✔ nojekyll must be in both actual and pinned inventory (747.9879ms)
  ✔ tampered bytes and forged byte counts fail (2655.7354ms)
  ✔ manifest traversal, Windows path aliases and self-inventory fail before use (5726.3248ms)
  ✔ directory symlinks/junctions and linked ancestor roots fail (795.8036ms)
  ✔ rehashed inconsistent runtime descriptor is rejected without executing it (1699.349ms)
  ✔ rehashed index and webmanifest deployment changes fail (4788.3715ms)
  ✔ rehashed SW descriptor, cache identity and registration changes fail (4513.4944ms)
  ✔ rehashed precache digest or catalog edits cannot pass (3034.8819ms)
✔ strict verifier accepts assembler output and rejects unsafe or inconsistent deployment bytes (36027.9913ms)
✔ growing food catalogs retain valid recipes, supported themes and explicit affinities (2.5532ms)
✔ original six IDs, effects and recipes preserve existing inventory economics (0.1806ms)
✔ fire affinity grants 150; dogs and misleading names cannot infer affinity (0.2156ms)
✔ multi-affinity partners match multiple gifts without stacking; ordinary honey stays universal (0.1327ms)
✔ recommendations prioritize eligible non-max partners then levels/exp/ID; daily limits stay last (0.3352ms)
✔ unknown affinity and zero favorite partners still allow basic gifts; universal lists never claim favorites (0.7167ms)
✔ item-first view requires explicit item and recipient selections (0.4199ms)
✔ exhaustion resets choices and preserves success; unowned recipient is discarded (0.2006ms)
✔ limited/busy confirmation is disabled; max-level and basic effects are explicit (0.4115ms)
✔ nickname HTML is escaped and old inventories/usage logs survive normalization (0.4736ms)
✔ actual source worker installs all real assets and serves gift modules/data with the network unavailable (46.9168ms)
ℹ tests 336
ℹ suites 0
ℹ pass 336
ℹ fail 0
ℹ cancelled 0
ℹ skipped 0
ℹ todo 0
ℹ duration_ms 37257.9864
PASS: semantic APP_VERSION
PASS: CACHE_NAME declared
PASS: SW CACHE_NAME matches app
PASS: SW precache summonRevealService
PASS: 寵物圖未進 precache
PASS: DB_VERSION=3
PASS: all original fields of 72 legacy pets remain unchanged; additive image variants are allowed
PASS: 72 legacy Lore entries remain unchanged after source promotion
PASS: complete modern pet/Lore identities match
PASS: standard=56 (got 56)
PASS: eternal locked=12 (got 12)
PASS: eternal unlocked=16
PASS: cost=100
PASS: pity unchanged
PASS: rates unchanged
PASS: introSkipped flag
PASS: skipIntroRitual
PASS: no skipped&&queue gate
PASS: revealQueueSkipped
PASS: advanceOnce
PASS: stopPropagation
PASS: queue keeps compensation
PASS: localhost guard
PASS: prod removes dev section
PASS: pendingAwakening
PASS: awakening after result
PASS: queue length 3 (got 3)
PASS: duplicate petId preserved
PASS: UR third
PASS: original order indices
PASS: compensation retained
PASS: shouldPlayReveal
PASS: runtime APP_VERSION
PASS: runtime CACHE_NAME
PASS: SW URL matches version

---
All Node logic assertions passed.
✔ bulk claims wait for each commit and summarize all reward types (5.8047ms)
✔ partial failures preserve successful grants and identify retryable entries (1.758ms)
✔ empty claims grant nothing; an invalid category releases the shared lock (0.982ms)
✔ three save-compatible worlds only use authored wolf scenes for the actual wolf (5.5406ms)
✔ text, status and action tokens retain AA contrast on their solid surfaces (7.4682ms)
✔ three mobile scene assets decode, preserve 3:2 composition and fit the offline art budget (6.2058ms)
✔ one fixed primary icon has a real 1024 master and separate maskable safe margin (14.6298ms)
✔ new presentation dependencies and home art are included in the verified offline closure (1.8394ms)
✔ all three user themes survive preference normalization; legacy and unknown values fall back (1.1435ms)
✔ third theme backup restore preserves tasks, wallet, collection and progression exactly (21.0581ms)
✔ journey counts only actual today plans and today completions, including the empty state (0.3454ms)
✔ companion presentation escapes user names and does not pretend an empty collection owns a pet (0.4515ms)
✔ owned pets without a companion lead to collection instead of another summon (0.1458ms)
✔ home refresh replaces the empty summon entry when the first pet becomes owned (13.5295ms)
ℹ tests 14
ℹ suites 0
ℹ pass 14
ℹ fail 0
ℹ cancelled 0
ℹ skipped 0
ℹ todo 0
ℹ duration_ms 258.0825
✔ sugar template dispatches with arbitrary pool identity; old default stays unthemed (1.1054ms)
✔ each UR reveal resolves from data and cannot be attached to a low rarity (0.2662ms)
✔ ten-pull queue preserves both URs, repeated characters and original positions (0.6274ms)
✔ sugar prelude is one bounded sequence per pull, with short reduced motion (0.6499ms)
✔ real 12-pet pool is registered and complete without unlock or altered economics (2.711ms)
✔ bulk claims wait for each commit and summarize all reward types (3.3867ms)
✔ partial failures preserve successful grants and identify retryable entries (0.4898ms)
✔ empty claims grant nothing; an invalid category releases the shared lock (0.2692ms)
✔ single and ten preludes of every rarity preserve the Lionheart phase boundaries (1.3379ms)
✔ every complete entry uses the original Honeylight clock, with no separate short clock (0.2629ms)
✔ native and identity reveal clocks agree by rarity, with the same next-character gap (0.1984ms)
✔ a scene cannot mutate another pool timing through the duration array (0.3111ms)
ℹ tests 12
ℹ suites 0
ℹ pass 12
ℹ fail 0
ℹ cancelled 0
ℹ skipped 0
ℹ todo 0
ℹ duration_ms 149.6695
