✔ only a truly pristine installation enters practice; every legacy status bypasses it (1.2981ms)
✔ read acknowledgements cannot bypass creation, completion or reward observation (0.5779ms)
✔ the full practice flow requires matching real actions and versions completion (0.196ms)
✔ every checkpoint survives reload and reconciles committed task/receipt after interruption (0.2293ms)
✔ replay uses a new identity and explicitly labels preview rewards (0.1326ms)
✔ tutorial metadata survives migration and is excluded from awakening and reminders (12.2547ms)
✔ stale clicks cannot acknowledge a different step or a different replay run (0.1605ms)
✔ education requires deliberate acknowledgement and preserves unaided task transfer (0.174ms)
✔ page tour covers twelve real pages and progresses to completion (2.2532ms)
✔ pause survives serialization; resume preserves position; completed replay starts over (0.1591ms)
✔ stale rapid next and paused actions cannot skip a lesson (0.558ms)
✔ invalid saved cursor is bounded without changing economy or formal task data (0.1316ms)
✔ each lesson leads with a short action and preserves its rules behind disclosure (1.7564ms)
✔ bond teaching covers the journey without requiring story rewards or a level upgrade (0.6282ms)
✔ existing bond lesson progress resumes and its entry targets the owned companion (0.7605ms)
✔ first-use eligibility requires an entirely empty profile before normal initialization (0.2101ms)
✔ saved step and practice task survive normalization for resume (0.1571ms)
✔ existing users retain core decisions and receive unstarted chapters without a welcome (0.613ms)
✔ chapters preserve reading position and practice evidence independently of core progress (0.2391ms)
✔ understanding a chapter does not claim practice or complete other chapters (0.1762ms)
✔ only the matching successful action at the practice step counts (0.4047ms)
✔ switching chapters pauses the old one; back and replay retain completed practice (0.2663ms)
✔ malformed chapter data cannot activate multiple coaches or invent practice (0.1075ms)
✔ teaching previews handle absent resources, invitation balance, cooldown and changing catalogs without writes (1.7258ms)
✔ guide advances only from successful matching product actions (0.1808ms)
✔ creating a task after choosing to continue later attaches it to the reward step (0.0667ms)
✔ dismissed and paused guides never advance from background actions (0.0945ms)
ℹ tests 27
ℹ suites 0
ℹ pass 27
ℹ fail 0
ℹ cancelled 0
ℹ skipped 0
ℹ todo 0
ℹ duration_ms 152.5341
