✔ reviewed refund cases and mixed collection convert exactly once without inventing bond (3.1364ms)
✔ fresh users have no conversion message; legacy 1-star users do (0.1878ms)
✔ unknown catalog identities retain resources, nickname and story identity (0.1118ms)
✔ invalid, overflowing and inconsistent transitions fail without mutating inputs (0.5518ms)
✔ SSR/UR invitation is a selected first encounter; owned, locked and other rarities cannot spend (2.0094ms)
✔ cross-pool candidates respect formal activation and real expansion unlocks (0.2364ms)
✔ all five duplicate rarities pay the shared balance without changing bond or specialty (3.8128ms)
✔ ten-pull SR floor and both pity boundaries survive economy integration (0.8576ms)
✔ intimacy owns specialty growth and legacy capabilities are a protected floor (0.5983ms)
✔ only a truly pristine installation enters practice; every legacy status bypasses it (1.2412ms)
✔ read acknowledgements cannot bypass creation, completion or reward observation (0.579ms)
✔ the full practice flow requires matching real actions and versions completion (0.1927ms)
✔ every checkpoint survives reload and reconciles committed task/receipt after interruption (0.2585ms)
✔ replay uses a new identity and explicitly labels preview rewards (0.1199ms)
✔ tutorial metadata survives migration and is excluded from awakening and reminders (20.9243ms)
✔ stale clicks cannot acknowledge a different step or a different replay run (0.1786ms)
✔ education requires deliberate acknowledgement and preserves unaided task transfer (0.192ms)
✔ each lesson leads with a short action and preserves its rules behind disclosure (1.7113ms)
✔ bond teaching covers the journey without requiring story rewards or a level upgrade (0.7179ms)
✔ existing bond lesson progress resumes and its entry targets the owned companion (0.8672ms)
✔ first-use eligibility requires an entirely empty profile before normal initialization (0.3423ms)
✔ saved step and practice task survive normalization for resume (0.1955ms)
✔ existing users retain core decisions and receive unstarted chapters without a welcome (0.8482ms)
✔ chapters preserve reading position and practice evidence independently of core progress (0.2499ms)
✔ understanding a chapter does not claim practice or complete other chapters (0.1858ms)
✔ only the matching successful action at the practice step counts (0.4744ms)
✔ switching chapters pauses the old one; back and replay retain completed practice (0.2528ms)
✔ malformed chapter data cannot activate multiple coaches or invent practice (0.1051ms)
✔ teaching previews handle absent resources, invitation balance, cooldown and changing catalogs without writes (1.571ms)
✔ guide advances only from successful matching product actions (0.1661ms)
✔ creating a task after choosing to continue later attaches it to the reward step (0.0582ms)
✔ dismissed and paused guides never advance from background actions (0.0897ms)
ℹ tests 32
ℹ suites 0
ℹ pass 32
ℹ fail 0
ℹ cancelled 0
ℹ skipped 0
ℹ todo 0
ℹ duration_ms 168.7419
