✔ Native single and ten fragment outcomes remain separate and ordered (1.6384ms)
✔ Production presentation cannot seed, clear, or replay collection writes (1.5309ms)
✔ only a truly pristine installation enters practice; every legacy status bypasses it (1.0091ms)
✔ read acknowledgements cannot bypass creation, completion or reward observation (1.6182ms)
✔ the full practice flow requires matching real actions and versions completion (0.2334ms)
✔ every checkpoint survives reload and reconciles committed task/receipt after interruption (0.2526ms)
✔ replay uses a new identity and explicitly labels preview rewards (0.1242ms)
✔ tutorial metadata survives migration and is excluded from awakening and reminders (20.091ms)
✔ stale clicks cannot acknowledge a different step or a different replay run (0.1625ms)
✔ education requires deliberate acknowledgement and preserves unaided task transfer (0.1984ms)
✔ page tour covers twelve real pages and progresses to completion (1.4913ms)
✔ pause survives serialization; resume preserves position; completed replay starts over (0.1583ms)
✔ stale rapid next and paused actions cannot skip a lesson (0.5606ms)
✔ invalid saved cursor is bounded without changing economy or formal task data (0.1053ms)
✔ each lesson leads with a short action and preserves its rules behind disclosure (1.8207ms)
✔ bond teaching covers the journey without requiring story rewards or a level upgrade (0.6837ms)
✔ existing bond lesson progress resumes and its entry targets the owned companion (0.847ms)
✔ first-use eligibility requires an entirely empty profile before normal initialization (0.2022ms)
✔ saved step and practice task survive normalization for resume (0.1854ms)
✔ existing users retain core decisions and receive unstarted chapters without a welcome (0.2773ms)
✔ chapters preserve reading position and practice evidence independently of core progress (0.7446ms)
✔ understanding a chapter does not claim practice or complete other chapters (0.1742ms)
✔ only the matching successful action at the practice step counts (0.4415ms)
✔ switching chapters pauses the old one; back and replay retain completed practice (0.2674ms)
✔ malformed chapter data cannot activate multiple coaches or invent practice (0.1045ms)
✔ teaching previews handle absent resources, invitation balance, cooldown and changing catalogs without writes (1.6248ms)
✔ guide advances only from successful matching product actions (0.1921ms)
✔ creating a task after choosing to continue later attaches it to the reward step (0.0622ms)
✔ dismissed and paused guides never advance from background actions (0.1649ms)
ℹ tests 29
ℹ suites 0
ℹ pass 29
ℹ fail 0
ℹ cancelled 0
ℹ skipped 0
ℹ todo 0
ℹ duration_ms 167.395
