PASS normal/reduced 玄翎重岳雕
PASS normal/reduced 丹砂鎮嶺蛤
PASS normal/reduced 素心劍猿
PASS normal/reduced 聽雨玉蜂
PASS normal/reduced 回風白駒
PASS normal/reduced 茗香眠蜂
PASS normal/reduced 踏霞赤駒
PASS normal/reduced 夜薔烏駒
PASS normal/reduced 乘風白雕
PASS normal/reduced 守望白雕
PASS normal/reduced 金角疾蛇
PASS normal/reduced 逐電靈貂
PASS normal/reduced 望雲霜鷹
PASS normal/reduced 夜渡青蝠
PASS normal/reduced 金鬃護山獅
PASS normal/reduced 雪徑靈狐
PASS normal/reduced 抱卷白猿
PASS normal/reduced 凝霜玉蠶
PASS normal/reduced 繞指金蛇
PASS normal/reduced 紫鱗潛龍
PASS pinned viewer: all twenty normal/reduced, no DB, 320px; actual isolated demo ritual
