Refreshing run status every 10 seconds. Press Ctrl+C to quit.

* main pages-build-deployment · 37198474045
Triggered via dynamic about 1 minute ago

JOBS
✓ build in 27s (ID 111425097207)
  ✓ Set up job
  ✓ Checkout
  ✓ Upload artifact
  ✓ Post Checkout
  ✓ Complete job
* deploy (ID 111425178842)
  ✓ Set up job
  * Deploy to GitHub Pages
✓ report-build-status in 3s (ID 111425178866)
  ✓ Set up job
  ✓ Report Build Status
  ✓ Complete job

ANNOTATIONS
! Node.js 20 is deprecated. The following actions target Node.js 20 but are being forced to run on Node.js 24: actions/upload-artifact@v4. For more information see: https://github.blog/changelog/2025-09-19-deprecation-of-node-20-on-github-actions-runners/
build: .github#2

- "The ubuntu-latest label will migrate to Ubuntu 26 beginning October 19, 2026. For more information, see https://github.com/actions/runner-images/issues/14748"
build: .github#1

- "The ubuntu-latest label will migrate to Ubuntu 26 beginning October 19, 2026. For more information, see https://github.com/actions/runner-images/issues/14748"
report-build-status: .github#1

Refreshing run status every 10 seconds. Press Ctrl+C to quit.

* main pages-build-deployment · 37198474045
Triggered via dynamic about 1 minute ago

JOBS
✓ build in 27s (ID 111425097207)
  ✓ Set up job
  ✓ Checkout
  ✓ Upload artifact
  ✓ Post Checkout
  ✓ Complete job
* deploy (ID 111425178842)
  ✓ Set up job
  * Deploy to GitHub Pages
✓ report-build-status in 3s (ID 111425178866)
  ✓ Set up job
  ✓ Report Build Status
  ✓ Complete job

ANNOTATIONS
! Node.js 20 is deprecated. The following actions target Node.js 20 but are being forced to run on Node.js 24: actions/upload-artifact@v4. For more information see: https://github.blog/changelog/2025-09-19-deprecation-of-node-20-on-github-actions-runners/
build: .github#2

- "The ubuntu-latest label will migrate to Ubuntu 26 beginning October 19, 2026. For more information, see https://github.com/actions/runner-images/issues/14748"
build: .github#1

- "The ubuntu-latest label will migrate to Ubuntu 26 beginning October 19, 2026. For more information, see https://github.com/actions/runner-images/issues/14748"
report-build-status: .github#1

Refreshing run status every 10 seconds. Press Ctrl+C to quit.

* main pages-build-deployment · 37198474045
Triggered via dynamic about 1 minute ago

JOBS
✓ build in 27s (ID 111425097207)
  ✓ Set up job
  ✓ Checkout
  ✓ Upload artifact
  ✓ Post Checkout
  ✓ Complete job
* deploy (ID 111425178842)
  ✓ Set up job
  * Deploy to GitHub Pages
✓ report-build-status in 3s (ID 111425178866)
  ✓ Set up job
  ✓ Report Build Status
  ✓ Complete job

ANNOTATIONS
! Node.js 20 is deprecated. The following actions target Node.js 20 but are being forced to run on Node.js 24: actions/upload-artifact@v4. For more information see: https://github.blog/changelog/2025-09-19-deprecation-of-node-20-on-github-actions-runners/
build: .github#2

- "The ubuntu-latest label will migrate to Ubuntu 26 beginning October 19, 2026. For more information, see https://github.com/actions/runner-images/issues/14748"
build: .github#1

- "The ubuntu-latest label will migrate to Ubuntu 26 beginning October 19, 2026. For more information, see https://github.com/actions/runner-images/issues/14748"
report-build-status: .github#1

✓ main pages-build-deployment · 37198474045
Triggered via dynamic about 1 minute ago

JOBS
✓ build in 27s (ID 111425097207)
  ✓ Set up job
  ✓ Checkout
  ✓ Upload artifact
  ✓ Post Checkout
  ✓ Complete job
✓ deploy in 1m11s (ID 111425178842)
  ✓ Set up job
  ✓ Deploy to GitHub Pages
  ✓ Complete job
✓ report-build-status in 3s (ID 111425178866)
  ✓ Set up job
  ✓ Report Build Status
  ✓ Complete job

ANNOTATIONS
! Node.js 20 is deprecated. The following actions target Node.js 20 but are being forced to run on Node.js 24: actions/upload-artifact@v4. For more information see: https://github.blog/changelog/2025-09-19-deprecation-of-node-20-on-github-actions-runners/
build: .github#2

- "The ubuntu-latest label will migrate to Ubuntu 26 beginning October 19, 2026. For more information, see https://github.com/actions/runner-images/issues/14748"
build: .github#1

- "The ubuntu-latest label will migrate to Ubuntu 26 beginning October 19, 2026. For more information, see https://github.com/actions/runner-images/issues/14748"
report-build-status: .github#1

