
> test
> node --test devtools/font-size-settings.test.mjs devtools/workshop-gifts.test.mjs devtools/gameplay-improvement.test.mjs devtools/summon-perf.test.mjs devtools/backup-safety.test.mjs devtools/pool-content-contract.test.mjs devtools/gacha-transaction.test.mjs devtools/app-update.test.mjs devtools/release-safety.test.mjs devtools/release-artifact.test.mjs devtools/card-pool-pipeline.test.mjs devtools/pool-release-review.test.mjs devtools/verify-release-artifact.test.mjs devtools/preview-cache-recovery.test.mjs devtools/onboarding-flow.test.mjs devtools/feedback.test.mjs devtools/feedback-backend.test.mjs devtools/share-service.test.mjs devtools/reminders.test.mjs && node devtools/v343-reveal-flow-logic-test.mjs && node --test devtools/theme-preferences.test.mjs devtools/theme-design.test.mjs && node --test devtools/honeylight-animation.test.mjs

✔ a complete asynchronous UI action blocks updates across gaps between writes, then unlocks (21.0832ms)
✔ explicit update activates only the installed, pinned generation with one scoped caller; never claims (167.3263ms)
✔ another app window vetoes activation, including uncontrolled and legacy clients (15.471ms)
✔ preview sibling clients do not block the production scope (6.5541ms)
✔ missing cache, wrong artifact, active worker, wrong caller and legacy skip remain fail closed (17.935ms)
✔ bootstrap verifies new worker bytes installed at an old script URL before opening the DB/runtime (11.5748ms)
✔ verified historical exporters remain valid and migrate to complete snapshots (56.5042ms)
✔ pre-camp V3.4.17 backup remains importable without camp or new region fields (1.7776ms)
✔ partial current backup cannot masquerade as an older complete shape (1.4219ms)
✔ every current core field is required before normalization (6.6579ms)
✔ top-level/data and projected aliases must agree (26.809ms)
✔ duplicate persistent keys and malformed nested records are rejected (8.9519ms)
✔ money, counters, booleans and dangerous object keys fail closed (12.2409ms)
✔ future/unknown partial formats are rejected with a compatibility explanation (1.8022ms)
✔ snapshot restoration does not roll historical quest dates forward or maximize draws (2.4099ms)
✔ empty nested state and ID-only rows cannot be silently normalized into defaults (26.7789ms)
✔ every serialized nested state field is required before legacy normalization (175.9554ms)
✔ malformed nested maps, date/counter values and missing fixed entries fail closed (15.1256ms)
✔ collection state cannot override trusted catalog presentation through companion merge (39.6466ms)
✔ valid daily, cancelled and weekly habit logs and item usage variants remain accepted (2.2596ms)
✔ active/completed expeditions preserve full reward records and reject partial rewards (16.6155ms)
✔ daily history supports check-in, wheel-only and combined persisted variants (3.1227ms)
✔ export preflight permits fresh/mixed legacy stores but refuses existing malformed state (4.7932ms)
✔ claim markers that normalizers would discard or rewrite are rejected (4.5224ms)
✔ reviewed animation choice is hash-bound and cannot silently fall back to none (5659.4697ms)
✔ glacier scaffold carries its reviewed animation and no expansion through staging (4270.1158ms)
✔ synthetic pool SOP approves exact bytes, stages all catalogs and 512px variants, and deterministically resumes (6492.6595ms)
✔ hash approval requires ordered reviews, preserves history and invalidates changed downstream content (6776.06ms)
✔ missing or modified approval snapshot blocks staging and is never silently recreated or overwritten (2622.1121ms)
✔ invalid economics, missing unlock, wrong gift, conflicting tags and pet IDs block approval (433.046ms)
✔ unreachable rarity, missing Lore and incomplete prompts block the candidate (526.624ms)
✔ assets require real complete square PNGs at least 512px and image changes revoke approval (3304.0358ms)
✔ pool and pet reservations survive separate drafts and concurrent init; dead lock is never stolen (907.1681ms)
✔ baseline drift blocks stale workspaces and a reviewed source promotion preserves first pool in the next candidate (8224.0678ms)
✔ reused candidate must match reproduced approved bytes, even if an altered catalog updates its self-hashes (5617.2789ms)
✔ interrupted staging leaves approved sources usable and does not reuse a partial directory (3193.319ms)
✔ authoring and image writers reject external and internal junctions without modifying their targets (132.5577ms)
✔ CLI status, validation and dry-run use explicit fixture root and do not write reports or production files (3232.3462ms)
✔ new real workspace requires SOP and production pins; legacy workspaces still stage in their original format (2972.7979ms)
✔ SOP companion food, recipient, recipe, specialty and region assessment are hard content gates (1804.9922ms)
✔ selecting a new region cannot stage an unimplemented story or omit its actual milestone ladder (388.2209ms)
✔ a complete new region uses actual runtime stories/discoveries/milestones and source-specialty behavior (4205.1638ms)
✔ companion hashes revoke downstream reviews, preserve candidates and detect baseline drift or policy downgrade (7334.226ms)
✔ real SOP artwork requires explicit human reviewer; internal stages accept AI reviews (2413.1475ms)
✔ anonymous report is durably inserted, retry is idempotent, altered payload cannot overwrite (111.2648ms)
✔ there is no public list or read endpoint; disallowed origins cannot send (2.4479ms)
✔ validation and streamed size limits reject bad input before database writes (30.2145ms)
✔ diagnostics allowlist and parameter binding prevent extra private fields and SQL injection (4.0427ms)
{"event":"feedback_intake_failed"}
✔ rate limit and database failure return retryable errors without false success (5.2941ms)
✔ daily cap prevents additional inserts but still acknowledges retries (25.4412ms)
✔ required fields reject whitespace and malformed persisted drafts recover safely (1.8312ms)
✔ drafts survive reload, can be cleared, and storage failures are reported (0.4971ms)
✔ diagnostics contain useful environment data without URLs, tasks or account data (0.3367ms)
✔ environment diagnostics require opt-in; reports have stable structure and an ID (6.0042ms)
✔ direct POST preserves special characters, omits credentials and verifies receipt (81.3221ms)
✔ long Chinese reports are submitted intact without URL length limits (0.6885ms)
✔ offline shell caches feedback modules and matches current version cache (50.3525ms)
✔ failed, rate-limited and malformed replies never count as accepted (22.9539ms)
✔ uncertain submissions reuse the exact payload after reload; receipt clears the draft (0.7096ms)
✔ old preferences use the original size; invalid font sizes cannot alter the scale (5.49ms)
✔ applying a font size does not overwrite the selected theme (1.667ms)
✔ backups preserve font size and gameplay; backups without the field restore the original size (58.9276ms)
✔ single and ten preserve public result shapes, wallet fields, and within-ten duplicates (7.6997ms)
✔ SSR and UR pity boundaries, resets, legacy standard mirrors, and other pools stay independent (5.493ms)
✔ every rarity uses its existing duplicate compensation without erasing progression fields (26.4297ms)
✔ threshold single is locked; the next single can select an expanded candidate (0.8929ms)
✔ ten freezes every candidate before unlock and grants one actual-rarity gift after its results (2.0601ms)
✔ two new pools sharing expansion key keep separate gifts and preserve the legacy grant identity (29.339ms)
✔ gift recovery reconciles markers once, repairs only missing pets, and never guesses lost fragments (1.69ms)
✔ rejected content, insufficient money, overflow and bad RNG never mutate planner inputs (2.2422ms)
✔ planner accepts deeply frozen snapshots and changes no original counters, catalog or collection (0.4394ms)
✔ first forest journey uses one energy and three minutes only once (1.7601ms)
✔ one-star ordinary pet is useful and objectives make recognizable differences (1.1472ms)
✔ stars and team specialties improve the result without requiring high rarity (0.3302ms)
✔ every published region has the same milestone ladder and valid camp material references (2.5413ms)
✔ first-use eligibility requires an entirely empty profile before normal initialization (1.9561ms)
✔ saved step and practice task survive normalization for resume (0.4821ms)
✔ existing users retain core decisions and receive unstarted chapters without a welcome (1.1882ms)
✔ chapters preserve reading position and practice evidence independently of core progress (0.5092ms)
✔ understanding a chapter does not claim practice or complete other chapters (0.253ms)
✔ only the matching successful action at the practice step counts (0.8002ms)
✔ switching chapters pauses the old one; back and replay retain completed practice (0.3364ms)
✔ malformed chapter data cannot activate multiple coaches or invent practice (0.1633ms)
✔ teaching previews handle absent resources, full stars, cooldown and changing catalogs without writes (6.3841ms)
✔ guide advances only from successful matching product actions (1.1934ms)
✔ creating a task after choosing to continue later attaches it to the reward step (0.6883ms)
✔ dismissed and paused guides never advance from background actions (0.3959ms)
✔ legacy golden economics and locked/unlocked candidates are unchanged (4.6631ms)
✔ legacy presentation preserves identity, heroes, cast order, and Chinese copy (8.7546ms)
✔ two unpublished pools with the same expansion key have independent grants and economics (1.0919ms)
✔ identity survives threshold changes and different pools cannot inherit legacy grants (5.6578ms)
✔ effective filtering is OR with no duplicates and never changes the input snapshot (0.9565ms)
✔ visual lock delays only presentation after a committed unlock (2.6023ms)
✔ zero active pools do not fall back to inactive content (1.6988ms)
✔ legacy special reveals and explicit templates are reusable without pool identity (1.2856ms)
✔ malformed pool 1: POOL_COST_INVALID (0.5305ms)
✔ malformed pool 2: POOL_COST_INVALID (0.3326ms)
✔ malformed pool 3: POOL_COST_INVALID (0.3363ms)
✔ malformed pool 4: POOL_COST_INVALID (0.1804ms)
✔ malformed pool 5: POOL_RATE_INVALID (0.1824ms)
✔ malformed pool 6: POOL_RATE_INVALID (0.1374ms)
✔ malformed pool 7: POOL_RATE_SUM (0.1423ms)
✔ malformed pool 8: POOL_RATE_SUM (0.1174ms)
✔ malformed pool 9: POOL_PITY_INVALID (0.19ms)
✔ malformed pool 10: POOL_PITY_INVALID (0.1346ms)
✔ malformed pool 11: POOL_ACTIVE_INVALID (0.1053ms)
✔ malformed pool 12: POOL_ID_INVALID (0.0933ms)
✔ malformed pool 13: POOL_LIST_INVALID (0.1446ms)
✔ malformed pool 14: POOL_LIST_DUPLICATE (0.1206ms)
✔ malformed pool 15: POOL_LIST_ENTRY (0.0947ms)
✔ malformed pool 16: POOL_THEME_UNKNOWN (0.1326ms)
✔ malformed pool 17: POOL_ANIMATION_UNKNOWN (0.1272ms)
✔ malformed pool 18: POOL_THRESHOLD_INVALID (0.1279ms)
✔ malformed pool 19: POOL_PROGRESS_SCOPE (0.1393ms)
✔ malformed pool 20: POOL_EXPANSION_KEY (0.1322ms)
✔ malformed pool 21: POOL_UNLOCK_ANIMATION (0.1102ms)
✔ malformed pool 22: POOL_REFERENCE_MISSING (0.233ms)
✔ malformed pool 23: POOL_REFERENCE_PHASE (0.1634ms)
✔ malformed pool 24: POOL_REFERENCE_PHASE (0.1558ms)
✔ malformed pool 25: POOL_EXPANSION_EMPTY (0.1636ms)
✔ draw count, malformed direct normalization, schema version, and catalog failures (0.7931ms)
✔ normal rates and pity reachable rarities each need valid candidates, including inactive pools (0.4055ms)
✔ presentation input remains inert plain text and unknown pet reveal templates are rejected (0.7152ms)
✔ published identity cannot disappear or silently change its gift; disabling is allowed (2.4952ms)
✔ all public model builders accept deeply frozen content and leave original catalog unchanged (1.8287ms)
✔ validator returns issues, without throwing, for malformed JSON-shaped field types (2.8253ms)
✔ an unused tag is an error even when another tag supplies valid candidates (0.2729ms)
✔ legacy presentation adapters use canonical registry and reject unknown content (0.2282ms)
✔ glacier template validates independently of pool identity and preserves all base candidates (0.517ms)
✔ reveal controller reuses explicit metadata and preserves legacy captions (0.4982ms)
✔ shared schema forwards all pool contract errors and preserves pet reveal metadata (2.159ms)
✔ Builder preview keeps legacy shape and adds effective unlocked counts without throwing on errors (1.8672ms)
✔ read-only pool CLI reports valid official content and exits nonzero for wrong catalog shape (800.744ms)
✔ whole-package acceptance and explicit release authorization are separate exact-package gates (10.0043ms)
✔ changes to either artifact, source, candidate or acceptance evidence invalidate the final approval (0.8984ms)
✔ actual legacy activation evicts preview; verified navigation, module and versioned bundle recover without lifecycle or DB effects (50.453ms)
✔ legacy eviction followed by bad-hash never publishes unverified navigation, module or catalog bytes (10.5657ms)
✔ legacy eviction followed by http-503 never publishes unverified navigation, module or catalog bytes (5.1127ms)
✔ legacy eviction followed by offline never publishes unverified navigation, module or catalog bytes (4.5094ms)
✔ partial eviction repairs only the missing canonical asset and ignores caller query versions (5.1673ms)
✔ recovery never borrows another namespace or touches an out-of-scope URL (6.2791ms)
✔ two concurrent clients independently receive complete verified bytes and leave one canonical cache entry (11.2871ms)
✔ a racing wrong-generation response cannot overwrite another client’s verified repair (31.2524ms)
✔ source checkout has no profile or hashes: a cache miss fails closed without trusting a live URL (4.2961ms)
✔ release descriptor has no hash manifest: a cache miss fails closed without trusting a live URL (2.4001ms)
✔ release hash manifest omits this asset: a cache miss fails closed without trusting a live URL (1.837ms)
✔ source checkout must not recover using stray hashes: a cache miss fails closed without trusting a live URL (1.7508ms)
▶ release artifact preparation is immutable, isolated and content complete
  ✔ dry-run validates without creating output or modifying source (2143.0811ms)
  ✔ production config, final-byte precache hashes and baseline files agree (5112.6565ms)
  ✔ identical inputs reuse identical artifact and preview is isolated (8108.0118ms)
  ✔ recursive literal imports are discovered and missing imports fail before writes (3355.0336ms)
  ✔ another runtime validator cannot be certified using this checkout contract (1616.7627ms)
  ✔ later authoring promotion never changes the legacy URLs served to old clients (5468.1674ms)
  ✔ bootstrap entrypoint and its dynamic app import are included in precache (1957.3544ms)
  ✔ missing image references and unsafe output roots are rejected (1743.8694ms)
  ✔ candidate hashes, additive identities and unchanged legacy catalogs are enforced (11253.7438ms)
  ✔ existing artifact corruption and missing files are never overwritten (2765.1801ms)
  ✔ junction/symlink inputs and output roots are refused (225.9297ms)
✔ release artifact preparation is immutable, isolated and content complete (46585.3813ms)
✔ unavailable or browser-denied service workers provide recovery without loading product code (2.1445ms)
✔ release bootstrap opens no product code until controlled and refuses partial profiles or reload loops (1.3058ms)
✔ legacy or mismatched controlling worker cannot execute a new runtime before all old clients close (0.5361ms)
✔ first release installation failure and timeout reject without importing app or reloading (35.4078ms)
✔ release loader accepts exactly one hash-verified complete catalog generation (145.6502ms)
✔ incompatible, corrupt, partial and unavailable releases never fall back to mutable catalogs (80.8291ms)
✔ required precache 503 and digest mismatch abort installation before cache publication (57.7771ms)
✔ successful installation does not force activation, claim clients or honor old skip messages (21.0688ms)
✔ both production and preview activation preserve every other cache namespace (20.2637ms)
✔ verified shell serves one generation online/offline and never reads another scope (8.5946ms)
✔ mailbox HTTP 503 falls back only to the exact current-scope cache entry (6.3381ms)
✔ assembled releases reject debug query, local flags and test currency before any write (17.9129ms)
✔ legacy perf shortcut cannot create a diagnostic panel in assembled releases (9.4719ms)
✔ tomorrow crosses month/year, next local reminder respects current time and DST gaps/folds (80.7863ms)
✔ projection excludes completed/archive/private text and titles require explicit opt-in (4.4369ms)
✔ digest deduplicates date conditions, excludes completed habits and resets weekly goals across weeks (4.2778ms)
✔ subscription validation blocks arbitrary URL fetches and strips private payload fields (4.2319ms)
✔ anonymous credential protects state; sync is monotonic, idempotent and CORS is restricted (134.2613ms)
✔ parallel scheduler claims once, sends the current day and advances without a second notification (22.5526ms)
✔ empty and expired summaries do not send; subscription expiry disables reminders (23.6073ms)
✔ temporary failures retry at most three times and do not block the next day (15.3936ms)
✔ Web Push payload is encrypted and decrypts using only the receiving device key (18.7866ms)
✔ native share has one official website URL and no competing app preview (2.1958ms)
✔ unsupported sharing and user cancellation remain distinct (0.8987ms)
✔ copy uses Clipboard API and falls back when permission is denied (0.7996ms)
✔ retired App animation setting does not leave old profiles in reduced mode (1.7084ms)
✔ sized image paths are optional and originals remain the fallback (1.7134ms)
✔ preloads with the same URL share one in-flight Image and retry failures (0.6392ms)
✔ first reveal card loads before its stage upgrade and ten-pull thumbnails (5.0496ms)
✔ slow stage image does not hold up the first card or other ten-pull thumbnails (1.4593ms)
✔ a failed sized asset retries the original PNG (1.3686ms)
✔ collection redraw is deferred once and remains dirty if rendering throws (0.5745ms)
✔ preview Pages uses a separate IndexedDB from the live Pages app (5.334ms)
✔ preview service worker leaves live Pages caches intact (5.1952ms)
▶ strict verifier accepts assembler output and rejects unsafe or inconsistent deployment bytes
  ✔ genuine production and preview assembler output and CLI pass (9735.2501ms)
  ✔ all caller pins are mandatory and binding (19.7022ms)
  ✔ extra, missing and untracked empty directories fail (3696.9319ms)
  ✔ nojekyll must be in both actual and pinned inventory (1505.6663ms)
  ✔ tampered bytes and forged byte counts fail (4959.1055ms)
  ✔ manifest traversal, Windows path aliases and self-inventory fail before use (11118.0755ms)
  ✔ directory symlinks/junctions and linked ancestor roots fail (1336.2308ms)
  ✔ rehashed inconsistent runtime descriptor is rejected without executing it (2517.6884ms)
  ✔ rehashed index and webmanifest deployment changes fail (6943.9963ms)
  ✔ rehashed SW descriptor, cache identity and registration changes fail (7249.5102ms)
  ✔ rehashed precache digest or catalog edits cannot pass (4666.2571ms)
✔ strict verifier accepts assembler output and rejects unsafe or inconsistent deployment bytes (62501.1279ms)
✔ growing food catalogs retain valid recipes, supported themes and explicit affinities (4.3649ms)
✔ original six IDs, effects and recipes preserve existing inventory economics (0.7992ms)
✔ fire affinity grants 150; dogs and misleading names cannot infer affinity (0.5319ms)
✔ multi-affinity partners match multiple gifts without stacking; ordinary honey stays universal (0.7337ms)
✔ recommendations prioritize eligible non-max partners then levels/exp/ID; daily limits stay last (0.8475ms)
✔ unknown affinity and zero favorite partners still allow basic gifts; universal lists never claim favorites (1.5288ms)
✔ item-first view requires explicit item and recipient selections (0.6671ms)
✔ exhaustion resets choices and preserves success; unowned recipient is discarded (0.5139ms)
✔ limited/busy confirmation is disabled; max-level and basic effects are explicit (1.0557ms)
✔ nickname HTML is escaped and old inventories/usage logs survive normalization (0.7058ms)
✔ actual source worker installs all real assets and serves gift modules/data with the network unavailable (192.5443ms)
ℹ tests 216
ℹ suites 0
ℹ pass 216
ℹ fail 0
ℹ cancelled 0
ℹ skipped 0
ℹ todo 0
ℹ duration_ms 71574.6214
PASS: semantic APP_VERSION
PASS: CACHE_NAME declared
PASS: SW CACHE_NAME matches app
PASS: SW precache summonRevealService
PASS: 寵物圖未進 precache
PASS: DB_VERSION=3
PASS: all original fields of 72 legacy pets remain unchanged; additive image variants are allowed
PASS: 72 legacy Lore entries remain unchanged after source promotion
PASS: complete modern pet/Lore identities match
PASS: standard=56 (got 56)
PASS: eternal locked=12 (got 12)
PASS: eternal unlocked=16
PASS: cost=100
PASS: pity unchanged
PASS: rates unchanged
PASS: introSkipped flag
PASS: skipIntroRitual
PASS: no skipped&&queue gate
PASS: revealQueueSkipped
PASS: advanceOnce
PASS: stopPropagation
PASS: queue keeps compensation
PASS: localhost guard
PASS: prod removes dev section
PASS: pendingAwakening
PASS: awakening after result
PASS: queue length 3 (got 3)
PASS: duplicate petId preserved
PASS: UR third
PASS: original order indices
PASS: compensation retained
PASS: shouldPlayReveal
PASS: runtime APP_VERSION
PASS: runtime CACHE_NAME
PASS: SW URL matches version

---
All Node logic assertions passed.
✔ three save-compatible worlds only use authored wolf scenes for the actual wolf (2.1706ms)
✔ text, status and action tokens retain AA contrast on their solid surfaces (6.1194ms)
✔ three mobile scene assets decode, preserve 3:2 composition and fit the offline art budget (8.1679ms)
✔ one fixed primary icon has a real 1024 master and separate maskable safe margin (22.9014ms)
✔ new presentation dependencies and home art are included in the verified offline closure (2.4758ms)
✔ all three user themes survive preference normalization; legacy and unknown values fall back (1.0819ms)
✔ third theme backup restore preserves tasks, wallet, collection and progression exactly (24.3419ms)
✔ journey counts only actual today plans and today completions, including the empty state (0.497ms)
✔ companion presentation escapes user names and does not pretend an empty collection owns a pet (0.7358ms)
✔ owned pets without a companion lead to collection instead of another summon (0.2302ms)
✔ home refresh replaces the empty summon entry when the first pet becomes owned (21.7564ms)
ℹ tests 11
ℹ suites 0
ℹ pass 11
ℹ fail 0
ℹ cancelled 0
ℹ skipped 0
ℹ todo 0
ℹ duration_ms 389.4912
✔ sugar template dispatches with arbitrary pool identity; old default stays unthemed (1.9887ms)
✔ each UR reveal resolves from data and cannot be attached to a low rarity (0.4927ms)
✔ ten-pull queue preserves both URs, repeated characters and original positions (1.1661ms)
✔ sugar prelude is one bounded sequence per pull, with short reduced motion (0.3739ms)
✔ real 12-pet pool is registered and complete without unlock or altered economics (5.4527ms)
ℹ tests 5
ℹ suites 0
ℹ pass 5
ℹ fail 0
ℹ cancelled 0
ℹ skipped 0
ℹ todo 0
ℹ duration_ms 182.1423
