
> test
> node --test devtools/font-size-settings.test.mjs devtools/workshop-gifts.test.mjs devtools/gameplay-improvement.test.mjs devtools/summon-perf.test.mjs devtools/backup-safety.test.mjs devtools/pool-content-contract.test.mjs devtools/gacha-transaction.test.mjs devtools/app-update.test.mjs devtools/release-safety.test.mjs devtools/release-artifact.test.mjs devtools/card-pool-pipeline.test.mjs devtools/pool-release-review.test.mjs devtools/verify-release-artifact.test.mjs devtools/preview-cache-recovery.test.mjs devtools/onboarding-flow.test.mjs devtools/feedback.test.mjs devtools/feedback-backend.test.mjs devtools/share-service.test.mjs devtools/reminders.test.mjs && node devtools/v343-reveal-flow-logic-test.mjs && node --test devtools/theme-preferences.test.mjs devtools/theme-design.test.mjs && node --test devtools/honeylight-animation.test.mjs

✔ a complete asynchronous UI action blocks updates across gaps between writes, then unlocks (1.4206ms)
✔ explicit update activates only the installed, pinned generation with one scoped caller; never claims (34.4358ms)
✔ another app window vetoes activation, including uncontrolled and legacy clients (10.2436ms)
✔ preview sibling clients do not block the production scope (5.1764ms)
✔ missing cache, wrong artifact, active worker, wrong caller and legacy skip remain fail closed (8.0763ms)
✔ bootstrap verifies new worker bytes installed at an old script URL before opening the DB/runtime (3.0332ms)
✔ verified historical exporters remain valid and migrate to complete snapshots (30.4544ms)
✔ pre-camp V3.4.17 backup remains importable without camp or new region fields (30.3753ms)
✔ partial current backup cannot masquerade as an older complete shape (6.5093ms)
✔ every current core field is required before normalization (6.796ms)
✔ top-level/data and projected aliases must agree (4.9435ms)
✔ duplicate persistent keys and malformed nested records are rejected (10.2737ms)
✔ money, counters, booleans and dangerous object keys fail closed (37.5584ms)
✔ future/unknown partial formats are rejected with a compatibility explanation (2.0825ms)
✔ snapshot restoration does not roll historical quest dates forward or maximize draws (5.2228ms)
✔ empty nested state and ID-only rows cannot be silently normalized into defaults (10.8267ms)
✔ every serialized nested state field is required before legacy normalization (79.2294ms)
✔ malformed nested maps, date/counter values and missing fixed entries fail closed (12.2591ms)
✔ collection state cannot override trusted catalog presentation through companion merge (6.4453ms)
✔ valid daily, cancelled and weekly habit logs and item usage variants remain accepted (1.679ms)
✔ active/completed expeditions preserve full reward records and reject partial rewards (10.6026ms)
✔ daily history supports check-in, wheel-only and combined persisted variants (1.4533ms)
✔ export preflight permits fresh/mixed legacy stores but refuses existing malformed state (4.1264ms)
✔ claim markers that normalizers would discard or rewrite are rejected (2.054ms)
✔ reviewed animation choice is hash-bound and cannot silently fall back to none (3368.3319ms)
✔ glacier scaffold carries its reviewed animation and no expansion through staging (3922.1701ms)
✔ synthetic pool SOP approves exact bytes, stages all catalogs and 512px variants, and deterministically resumes (6486.3236ms)
✔ hash approval requires ordered reviews, preserves history and invalidates changed downstream content (7134.938ms)
✔ missing or modified approval snapshot blocks staging and is never silently recreated or overwritten (4639.3779ms)
✔ invalid economics, missing unlock, wrong gift, conflicting tags and pet IDs block approval (550.1494ms)
✔ unreachable rarity, missing Lore and incomplete prompts block the candidate (663.1709ms)
✔ assets require real complete square PNGs at least 512px and image changes revoke approval (4085.8179ms)
✔ pool and pet reservations survive separate drafts and concurrent init; dead lock is never stolen (893.0518ms)
✔ baseline drift blocks stale workspaces and a reviewed source promotion preserves first pool in the next candidate (10044.5396ms)
✔ reused candidate must match reproduced approved bytes, even if an altered catalog updates its self-hashes (6736.0104ms)
✔ interrupted staging leaves approved sources usable and does not reuse a partial directory (4341.0457ms)
✔ authoring and image writers reject external and internal junctions without modifying their targets (137.1143ms)
✔ CLI status, validation and dry-run use explicit fixture root and do not write reports or production files (3614.6026ms)
✔ new real workspace requires SOP and production pins; legacy workspaces still stage in their original format (3561.1651ms)
✔ SOP companion food, recipient, recipe, specialty and region assessment are hard content gates (2325.2454ms)
✔ selecting a new region cannot stage an unimplemented story or omit its actual milestone ladder (656.8901ms)
✔ a complete new region uses actual runtime stories/discoveries/milestones and source-specialty behavior (5857.8822ms)
✔ companion hashes revoke downstream reviews, preserve candidates and detect baseline drift or policy downgrade (8613.0753ms)
✔ real SOP artwork requires explicit human reviewer; internal stages accept AI reviews (2815.787ms)
✔ anonymous report is durably inserted, retry is idempotent, altered payload cannot overwrite (119.8444ms)
✔ there is no public list or read endpoint; disallowed origins cannot send (4.0063ms)
✔ validation and streamed size limits reject bad input before database writes (8.1815ms)
✔ diagnostics allowlist and parameter binding prevent extra private fields and SQL injection (6.0278ms)
{"event":"feedback_intake_failed"}
✔ rate limit and database failure return retryable errors without false success (4.7029ms)
✔ daily cap prevents additional inserts but still acknowledges retries (21.0264ms)
✔ required fields reject whitespace and malformed persisted drafts recover safely (3.7929ms)
✔ drafts survive reload, can be cleared, and storage failures are reported (0.684ms)
✔ diagnostics contain useful environment data without URLs, tasks or account data (0.4011ms)
✔ environment diagnostics require opt-in; reports have stable structure and an ID (5.4013ms)
✔ direct POST preserves special characters, omits credentials and verifies receipt (26.8411ms)
✔ long Chinese reports are submitted intact without URL length limits (0.5788ms)
✔ offline shell caches feedback modules and matches current version cache (7.0448ms)
✔ failed, rate-limited and malformed replies never count as accepted (6.1166ms)
✔ uncertain submissions reuse the exact payload after reload; receipt clears the draft (0.7286ms)
✔ old preferences use the original size; invalid font sizes cannot alter the scale (1.7218ms)
✔ applying a font size does not overwrite the selected theme (1.0942ms)
✔ backups preserve font size and gameplay; backups without the field restore the original size (44.7076ms)
✔ single and ten preserve public result shapes, wallet fields, and within-ten duplicates (24.262ms)
✔ SSR and UR pity boundaries, resets, legacy standard mirrors, and other pools stay independent (1.838ms)
✔ every rarity uses its existing duplicate compensation without erasing progression fields (9.4329ms)
✔ threshold single is locked; the next single can select an expanded candidate (0.9528ms)
✔ ten freezes every candidate before unlock and grants one actual-rarity gift after its results (0.7848ms)
✔ two new pools sharing expansion key keep separate gifts and preserve the legacy grant identity (42.8672ms)
✔ gift recovery reconciles markers once, repairs only missing pets, and never guesses lost fragments (1.6618ms)
✔ rejected content, insufficient money, overflow and bad RNG never mutate planner inputs (2.5168ms)
✔ planner accepts deeply frozen snapshots and changes no original counters, catalog or collection (0.447ms)
✔ recommendations match each objective and outrank a stronger nonmatching companion (30.328ms)
✔ recommendations exclude unowned and busy pets, cap at three, and prioritize specialty level (41.0048ms)
✔ empty matches do not claim other specialties are recommended; ties remain deterministic (0.6662ms)
✔ first forest journey uses one energy and three minutes only once (0.1615ms)
✔ one-star ordinary pet is useful and objectives make recognizable differences (0.3924ms)
✔ stars and team specialties improve the result without requiring high rarity (0.2488ms)
✔ every published region has the same milestone ladder and valid camp material references (11.648ms)
✔ first-use eligibility requires an entirely empty profile before normal initialization (1.277ms)
✔ saved step and practice task survive normalization for resume (7.1723ms)
✔ existing users retain core decisions and receive unstarted chapters without a welcome (1.0693ms)
✔ chapters preserve reading position and practice evidence independently of core progress (0.4233ms)
✔ understanding a chapter does not claim practice or complete other chapters (0.2166ms)
✔ only the matching successful action at the practice step counts (0.6316ms)
✔ switching chapters pauses the old one; back and replay retain completed practice (0.3232ms)
✔ malformed chapter data cannot activate multiple coaches or invent practice (0.3392ms)
✔ teaching previews handle absent resources, full stars, cooldown and changing catalogs without writes (26.9963ms)
✔ guide advances only from successful matching product actions (1.0477ms)
✔ creating a task after choosing to continue later attaches it to the reward step (0.1897ms)
✔ dismissed and paused guides never advance from background actions (0.2193ms)
✔ legacy golden economics and locked/unlocked candidates are unchanged (6.3957ms)
✔ legacy presentation preserves identity, heroes, cast order, and Chinese copy (15.7075ms)
✔ two unpublished pools with the same expansion key have independent grants and economics (10.2145ms)
✔ identity survives threshold changes and different pools cannot inherit legacy grants (4.5003ms)
✔ effective filtering is OR with no duplicates and never changes the input snapshot (0.638ms)
✔ visual lock delays only presentation after a committed unlock (0.9857ms)
✔ zero active pools do not fall back to inactive content (0.5143ms)
✔ legacy special reveals and explicit templates are reusable without pool identity (1.249ms)
✔ malformed pool 1: POOL_COST_INVALID (0.4606ms)
✔ malformed pool 2: POOL_COST_INVALID (0.3012ms)
✔ malformed pool 3: POOL_COST_INVALID (1.3933ms)
✔ malformed pool 4: POOL_COST_INVALID (0.3581ms)
✔ malformed pool 5: POOL_RATE_INVALID (0.3279ms)
✔ malformed pool 6: POOL_RATE_INVALID (0.7153ms)
✔ malformed pool 7: POOL_RATE_SUM (2.7658ms)
✔ malformed pool 8: POOL_RATE_SUM (0.5904ms)
✔ malformed pool 9: POOL_PITY_INVALID (0.9387ms)
✔ malformed pool 10: POOL_PITY_INVALID (0.5466ms)
✔ malformed pool 11: POOL_ACTIVE_INVALID (0.5332ms)
✔ malformed pool 12: POOL_ID_INVALID (0.6176ms)
✔ malformed pool 13: POOL_LIST_INVALID (1.0185ms)
✔ malformed pool 14: POOL_LIST_DUPLICATE (0.5722ms)
✔ malformed pool 15: POOL_LIST_ENTRY (4.1495ms)
✔ malformed pool 16: POOL_THEME_UNKNOWN (0.3724ms)
✔ malformed pool 17: POOL_ANIMATION_UNKNOWN (0.2358ms)
✔ malformed pool 18: POOL_THRESHOLD_INVALID (0.2754ms)
✔ malformed pool 19: POOL_PROGRESS_SCOPE (0.2678ms)
✔ malformed pool 20: POOL_EXPANSION_KEY (0.2225ms)
✔ malformed pool 21: POOL_UNLOCK_ANIMATION (0.2043ms)
✔ malformed pool 22: POOL_REFERENCE_MISSING (0.81ms)
✔ malformed pool 23: POOL_REFERENCE_PHASE (0.8828ms)
✔ malformed pool 24: POOL_REFERENCE_PHASE (0.5306ms)
✔ malformed pool 25: POOL_EXPANSION_EMPTY (0.6768ms)
✔ draw count, malformed direct normalization, schema version, and catalog failures (1.3975ms)
✔ normal rates and pity reachable rarities each need valid candidates, including inactive pools (0.5655ms)
✔ presentation input remains inert plain text and unknown pet reveal templates are rejected (0.6993ms)
✔ published identity cannot disappear or silently change its gift; disabling is allowed (2.0159ms)
✔ all public model builders accept deeply frozen content and leave original catalog unchanged (0.6461ms)
✔ validator returns issues, without throwing, for malformed JSON-shaped field types (1.5593ms)
✔ an unused tag is an error even when another tag supplies valid candidates (0.2434ms)
✔ legacy presentation adapters use canonical registry and reject unknown content (0.3533ms)
✔ glacier template validates independently of pool identity and preserves all base candidates (0.4931ms)
✔ reveal controller reuses explicit metadata and preserves legacy captions (0.3039ms)
✔ shared schema forwards all pool contract errors and preserves pet reveal metadata (2.5457ms)
✔ Builder preview keeps legacy shape and adds effective unlocked counts without throwing on errors (6.9986ms)
✔ read-only pool CLI reports valid official content and exits nonzero for wrong catalog shape (333.9788ms)
✔ whole-package acceptance and explicit release authorization are separate exact-package gates (1.6589ms)
✔ changes to either artifact, source, candidate or acceptance evidence invalidate the final approval (0.6134ms)
✔ actual legacy activation evicts preview; verified navigation, module and versioned bundle recover without lifecycle or DB effects (40.5262ms)
✔ legacy eviction followed by bad-hash never publishes unverified navigation, module or catalog bytes (9.8395ms)
✔ legacy eviction followed by http-503 never publishes unverified navigation, module or catalog bytes (5.8926ms)
✔ legacy eviction followed by offline never publishes unverified navigation, module or catalog bytes (5.1478ms)
✔ partial eviction repairs only the missing canonical asset and ignores caller query versions (6.2044ms)
✔ recovery never borrows another namespace or touches an out-of-scope URL (9.2745ms)
✔ two concurrent clients independently receive complete verified bytes and leave one canonical cache entry (25.4257ms)
✔ a racing wrong-generation response cannot overwrite another client’s verified repair (32.5366ms)
✔ source checkout has no profile or hashes: a cache miss fails closed without trusting a live URL (3.0431ms)
✔ release descriptor has no hash manifest: a cache miss fails closed without trusting a live URL (2.215ms)
✔ release hash manifest omits this asset: a cache miss fails closed without trusting a live URL (2.0956ms)
✔ source checkout must not recover using stray hashes: a cache miss fails closed without trusting a live URL (3.1799ms)
▶ release artifact preparation is immutable, isolated and content complete
  ✔ dry-run validates without creating output or modifying source (1175.7511ms)
  ✔ production config, final-byte precache hashes and baseline files agree (4699.8359ms)
  ✔ identical inputs reuse identical artifact and preview is isolated (8124.6102ms)
  ✔ recursive literal imports are discovered and missing imports fail before writes (3215.2162ms)
  ✔ another runtime validator cannot be certified using this checkout contract (1720.8177ms)
  ✔ later authoring promotion never changes the legacy URLs served to old clients (8319.8083ms)
  ✔ bootstrap entrypoint and its dynamic app import are included in precache (2405.3557ms)
  ✔ missing image references and unsafe output roots are rejected (1784.1614ms)
  ✔ candidate hashes, additive identities and unchanged legacy catalogs are enforced (14414.0997ms)
  ✔ existing artifact corruption and missing files are never overwritten (3921.7944ms)
  ✔ junction/symlink inputs and output roots are refused (252.9674ms)
✔ release artifact preparation is immutable, isolated and content complete (52314.4249ms)
✔ release bootstrap opens no product code until controlled and refuses partial profiles or reload loops (4.1879ms)
✔ legacy or mismatched controlling worker cannot execute a new runtime before all old clients close (0.6621ms)
✔ first release installation failure and timeout reject without importing app or reloading (23.2758ms)
✔ release loader accepts exactly one hash-verified complete catalog generation (64.8593ms)
✔ incompatible, corrupt, partial and unavailable releases never fall back to mutable catalogs (37.9419ms)
✔ required precache 503 and digest mismatch abort installation before cache publication (34.8901ms)
✔ successful installation does not force activation, claim clients or honor old skip messages (13.3274ms)
✔ both production and preview activation preserve every other cache namespace (35.0052ms)
✔ verified shell serves one generation online/offline and never reads another scope (3.1541ms)
✔ mailbox HTTP 503 falls back only to the exact current-scope cache entry (3.9821ms)
✔ assembled releases reject debug query, local flags and test currency before any write (4.8108ms)
✔ legacy perf shortcut cannot create a diagnostic panel in assembled releases (2.4184ms)
✔ tomorrow crosses month/year, next local reminder respects current time and DST gaps/folds (65.5026ms)
✔ projection excludes completed/archive/private text and titles require explicit opt-in (1.837ms)
✔ digest deduplicates date conditions, excludes completed habits and resets weekly goals across weeks (4.6759ms)
✔ subscription validation blocks arbitrary URL fetches and strips private payload fields (12.3571ms)
✔ anonymous credential protects state; sync is monotonic, idempotent and CORS is restricted (60.0601ms)
✔ parallel scheduler claims once, sends the current day and advances without a second notification (12.0149ms)
✔ empty and expired summaries do not send; subscription expiry disables reminders (26.3247ms)
✔ temporary failures retry at most three times and do not block the next day (14.9086ms)
✔ Web Push payload is encrypted and decrypts using only the receiving device key (13.1341ms)
✔ native share has one official website URL and no competing app preview (2.9957ms)
✔ unsupported sharing and user cancellation remain distinct (0.5505ms)
✔ copy uses Clipboard API and falls back when permission is denied (0.7102ms)
✔ retired App animation setting does not leave old profiles in reduced mode (0.9413ms)
✔ sized image paths are optional and originals remain the fallback (1.3569ms)
✔ preloads with the same URL share one in-flight Image and retry failures (0.535ms)
✔ first reveal card loads before its stage upgrade and ten-pull thumbnails (4.0194ms)
✔ slow stage image does not hold up the first card or other ten-pull thumbnails (1.0022ms)
✔ a failed sized asset retries the original PNG (1.1154ms)
✔ collection redraw is deferred once and remains dirty if rendering throws (0.424ms)
✔ preview Pages uses a separate IndexedDB from the live Pages app (3.0393ms)
✔ preview service worker leaves live Pages caches intact (1.7893ms)
▶ strict verifier accepts assembler output and rejects unsafe or inconsistent deployment bytes
  ✔ genuine production and preview assembler output and CLI pass (9120.8317ms)
  ✔ all caller pins are mandatory and binding (35.5762ms)
  ✔ extra, missing and untracked empty directories fail (5072.2971ms)
  ✔ nojekyll must be in both actual and pinned inventory (1542.1371ms)
  ✔ tampered bytes and forged byte counts fail (7705.9495ms)
  ✔ manifest traversal, Windows path aliases and self-inventory fail before use (11885.7936ms)
  ✔ directory symlinks/junctions and linked ancestor roots fail (1674.3515ms)
  ✔ rehashed inconsistent runtime descriptor is rejected without executing it (2953.9212ms)
  ✔ rehashed index and webmanifest deployment changes fail (9383.0045ms)
  ✔ rehashed SW descriptor, cache identity and registration changes fail (8549.4869ms)
  ✔ rehashed precache digest or catalog edits cannot pass (6706.4609ms)
✔ strict verifier accepts assembler output and rejects unsafe or inconsistent deployment bytes (71439.6143ms)
✔ growing food catalogs retain valid recipes, supported themes and explicit affinities (4.3787ms)
✔ original six IDs, effects and recipes preserve existing inventory economics (0.557ms)
✔ fire affinity grants 150; dogs and misleading names cannot infer affinity (0.6543ms)
✔ multi-affinity partners match multiple gifts without stacking; ordinary honey stays universal (0.4207ms)
✔ recommendations prioritize eligible non-max partners then levels/exp/ID; daily limits stay last (1.5855ms)
✔ unknown affinity and zero favorite partners still allow basic gifts; universal lists never claim favorites (2.4027ms)
✔ item-first view requires explicit item and recipient selections (0.6522ms)
✔ exhaustion resets choices and preserves success; unowned recipient is discarded (0.3211ms)
✔ limited/busy confirmation is disabled; max-level and basic effects are explicit (0.648ms)
✔ nickname HTML is escaped and old inventories/usage logs survive normalization (1.1938ms)
✔ actual source worker installs all real assets and serves gift modules/data with the network unavailable (47.0591ms)
ℹ tests 218
ℹ suites 0
ℹ pass 218
ℹ fail 0
ℹ cancelled 0
ℹ skipped 0
ℹ todo 0
ℹ duration_ms 81214.0464
PASS: semantic APP_VERSION
PASS: CACHE_NAME declared
PASS: SW CACHE_NAME matches app
PASS: SW precache summonRevealService
PASS: 寵物圖未進 precache
PASS: DB_VERSION=3
PASS: all original fields of 72 legacy pets remain unchanged; additive image variants are allowed
PASS: 72 legacy Lore entries remain unchanged after source promotion
PASS: complete modern pet/Lore identities match
PASS: standard=56 (got 56)
PASS: eternal locked=12 (got 12)
PASS: eternal unlocked=16
PASS: cost=100
PASS: pity unchanged
PASS: rates unchanged
PASS: introSkipped flag
PASS: skipIntroRitual
PASS: no skipped&&queue gate
PASS: revealQueueSkipped
PASS: advanceOnce
PASS: stopPropagation
PASS: queue keeps compensation
PASS: localhost guard
PASS: prod removes dev section
PASS: pendingAwakening
PASS: awakening after result
PASS: queue length 3 (got 3)
PASS: duplicate petId preserved
PASS: UR third
PASS: original order indices
PASS: compensation retained
PASS: shouldPlayReveal
PASS: runtime APP_VERSION
PASS: runtime CACHE_NAME
PASS: SW URL matches version

---
All Node logic assertions passed.
✔ three save-compatible worlds only use authored wolf scenes for the actual wolf (1.5678ms)
✔ text, status and action tokens retain AA contrast on their solid surfaces (6.2486ms)
✔ three mobile scene assets decode, preserve 3:2 composition and fit the offline art budget (5.5039ms)
✔ one fixed primary icon has a real 1024 master and separate maskable safe margin (21.9865ms)
✔ new presentation dependencies and home art are included in the verified offline closure (4.8486ms)
✔ all three user themes survive preference normalization; legacy and unknown values fall back (1.0908ms)
✔ third theme backup restore preserves tasks, wallet, collection and progression exactly (27.4227ms)
✔ journey counts only actual today plans and today completions, including the empty state (0.4797ms)
✔ companion presentation escapes user names and does not pretend an empty collection owns a pet (0.6775ms)
✔ owned pets without a companion lead to collection instead of another summon (0.2318ms)
✔ home refresh replaces the empty summon entry when the first pet becomes owned (30.4899ms)
ℹ tests 11
ℹ suites 0
ℹ pass 11
ℹ fail 0
ℹ cancelled 0
ℹ skipped 0
ℹ todo 0
ℹ duration_ms 350.0608
✔ sugar template dispatches with arbitrary pool identity; old default stays unthemed (2.176ms)
✔ each UR reveal resolves from data and cannot be attached to a low rarity (0.5404ms)
✔ ten-pull queue preserves both URs, repeated characters and original positions (1.2823ms)
✔ sugar prelude is one bounded sequence per pull, with short reduced motion (0.3935ms)
✔ real 12-pet pool is registered and complete without unlock or altered economics (6.7757ms)
ℹ tests 5
ℹ suites 0
ℹ pass 5
ℹ fail 0
ℹ cancelled 0
ℹ skipped 0
ℹ todo 0
ℹ duration_ms 207.2392
