
> test
> node --test devtools/font-size-settings.test.mjs devtools/workshop-gifts.test.mjs devtools/gameplay-improvement.test.mjs devtools/summon-perf.test.mjs devtools/backup-safety.test.mjs devtools/pool-content-contract.test.mjs devtools/gacha-transaction.test.mjs devtools/app-update.test.mjs devtools/release-safety.test.mjs devtools/release-artifact.test.mjs devtools/card-pool-pipeline.test.mjs devtools/verify-release-artifact.test.mjs devtools/preview-cache-recovery.test.mjs devtools/onboarding-flow.test.mjs devtools/feedback.test.mjs devtools/feedback-backend.test.mjs devtools/share-service.test.mjs devtools/reminders.test.mjs && node devtools/v343-reveal-flow-logic-test.mjs && node --test devtools/theme-preferences.test.mjs devtools/theme-design.test.mjs && node --test devtools/honeylight-animation.test.mjs

✔ a complete asynchronous UI action blocks updates across gaps between writes, then unlocks (0.9363ms)
✔ explicit update activates only the installed, pinned generation with one scoped caller; never claims (77.8699ms)
✔ another app window vetoes activation, including uncontrolled and legacy clients (4.231ms)
✔ preview sibling clients do not block the production scope (8.7946ms)
✔ missing cache, wrong artifact, active worker, wrong caller and legacy skip remain fail closed (12.3497ms)
✔ bootstrap verifies new worker bytes installed at an old script URL before opening the DB/runtime (2.5596ms)
✔ verified historical exporters remain valid and migrate to complete snapshots (71.0854ms)
✔ pre-camp V3.4.17 backup remains importable without camp or new region fields (2.4436ms)
✔ partial current backup cannot masquerade as an older complete shape (1.0194ms)
✔ every current core field is required before normalization (3.6297ms)
✔ top-level/data and projected aliases must agree (2.1422ms)
✔ duplicate persistent keys and malformed nested records are rejected (4.8732ms)
✔ money, counters, booleans and dangerous object keys fail closed (5.498ms)
✔ future/unknown partial formats are rejected with a compatibility explanation (1.1978ms)
✔ snapshot restoration does not roll historical quest dates forward or maximize draws (1.2747ms)
✔ empty nested state and ID-only rows cannot be silently normalized into defaults (54.1984ms)
✔ every serialized nested state field is required before legacy normalization (101.9954ms)
✔ malformed nested maps, date/counter values and missing fixed entries fail closed (76.2424ms)
✔ collection state cannot override trusted catalog presentation through companion merge (3.4965ms)
✔ valid daily, cancelled and weekly habit logs and item usage variants remain accepted (0.8434ms)
✔ active/completed expeditions preserve full reward records and reject partial rewards (7.5337ms)
✔ daily history supports check-in, wheel-only and combined persisted variants (1.2242ms)
✔ export preflight permits fresh/mixed legacy stores but refuses existing malformed state (2.4074ms)
✔ claim markers that normalizers would discard or rewrite are rejected (1.215ms)
✔ reviewed animation choice is hash-bound and cannot silently fall back to none (3335.7102ms)
✔ glacier scaffold carries its reviewed animation and no expansion through staging (1937.7265ms)
✔ synthetic pool SOP approves exact bytes, stages all catalogs and 512px variants, and deterministically resumes (3363.8296ms)
✔ hash approval requires ordered reviews, preserves history and invalidates changed downstream content (3676.0288ms)
✔ missing or modified approval snapshot blocks staging and is never silently recreated or overwritten (1618.8919ms)
✔ invalid economics, missing unlock, wrong gift, conflicting tags and pet IDs block approval (186.2616ms)
✔ unreachable rarity, missing Lore and incomplete prompts block the candidate (340.9462ms)
✔ assets require real complete square PNGs at least 512px and image changes revoke approval (1753.3689ms)
✔ pool and pet reservations survive separate drafts and concurrent init; dead lock is never stolen (377.9419ms)
✔ baseline drift blocks stale workspaces and a reviewed source promotion preserves first pool in the next candidate (4694.408ms)
✔ reused candidate must match reproduced approved bytes, even if an altered catalog updates its self-hashes (4570.8716ms)
✔ interrupted staging leaves approved sources usable and does not reuse a partial directory (2463.7892ms)
✔ authoring and image writers reject external and internal junctions without modifying their targets (56.5447ms)
✔ CLI status, validation and dry-run use explicit fixture root and do not write reports or production files (1801.235ms)
✔ anonymous report is durably inserted, retry is idempotent, altered payload cannot overwrite (154.4912ms)
✔ there is no public list or read endpoint; disallowed origins cannot send (2.2233ms)
✔ validation and streamed size limits reject bad input before database writes (3.5546ms)
✔ diagnostics allowlist and parameter binding prevent extra private fields and SQL injection (2.8795ms)
{"event":"feedback_intake_failed"}
✔ rate limit and database failure return retryable errors without false success (5.5381ms)
✔ daily cap prevents additional inserts but still acknowledges retries (43.7488ms)
✔ required fields reject whitespace and malformed persisted drafts recover safely (1.4206ms)
✔ drafts survive reload, can be cleared, and storage failures are reported (0.3699ms)
✔ diagnostics contain useful environment data without URLs, tasks or account data (0.2357ms)
✔ environment diagnostics require opt-in; reports have stable structure and an ID (10.663ms)
✔ direct POST preserves special characters, omits credentials and verifies receipt (22.7976ms)
✔ long Chinese reports are submitted intact without URL length limits (0.4949ms)
✔ offline shell caches feedback modules and matches current version cache (76.7435ms)
✔ failed, rate-limited and malformed replies never count as accepted (8.2048ms)
✔ uncertain submissions reuse the exact payload after reload; receipt clears the draft (0.6183ms)
✔ old preferences use the original size; invalid font sizes cannot alter the scale (0.7654ms)
✔ applying a font size does not overwrite the selected theme (0.1473ms)
✔ backups preserve font size and gameplay; backups without the field restore the original size (23.2297ms)
✔ single and ten preserve public result shapes, wallet fields, and within-ten duplicates (4.3282ms)
✔ SSR and UR pity boundaries, resets, legacy standard mirrors, and other pools stay independent (0.802ms)
✔ every rarity uses its existing duplicate compensation without erasing progression fields (1.4345ms)
✔ threshold single is locked; the next single can select an expanded candidate (1.5569ms)
✔ ten freezes every candidate before unlock and grants one actual-rarity gift after its results (1.1495ms)
✔ two new pools sharing expansion key keep separate gifts and preserve the legacy grant identity (116.5701ms)
✔ gift recovery reconciles markers once, repairs only missing pets, and never guesses lost fragments (1.454ms)
✔ rejected content, insufficient money, overflow and bad RNG never mutate planner inputs (1.9401ms)
✔ planner accepts deeply frozen snapshots and changes no original counters, catalog or collection (0.3695ms)
✔ first forest journey uses one energy and three minutes only once (2.8473ms)
✔ one-star ordinary pet is useful and objectives make recognizable differences (1.7086ms)
✔ stars and team specialties improve the result without requiring high rarity (0.4406ms)
✔ six regions have the same milestone ladder and camp materials span all regions (1.9521ms)
✔ first-use eligibility requires an entirely empty profile before normal initialization (1.1958ms)
✔ saved step and practice task survive normalization for resume (0.2475ms)
✔ existing users retain core decisions and receive unstarted chapters without a welcome (1.3863ms)
✔ chapters preserve reading position and practice evidence independently of core progress (0.4226ms)
✔ understanding a chapter does not claim practice or complete other chapters (0.2047ms)
✔ only the matching successful action at the practice step counts (0.8939ms)
✔ switching chapters pauses the old one; back and replay retain completed practice (0.299ms)
✔ malformed chapter data cannot activate multiple coaches or invent practice (1.3087ms)
✔ teaching previews handle absent resources, full stars, cooldown and changing catalogs without writes (7.4779ms)
✔ guide advances only from successful matching product actions (0.4268ms)
✔ creating a task after choosing to continue later attaches it to the reward step (1.4127ms)
✔ dismissed and paused guides never advance from background actions (0.213ms)
✔ legacy golden economics and locked/unlocked candidates are unchanged (3.6809ms)
✔ legacy presentation preserves identity, heroes, cast order, and Chinese copy (2.8261ms)
✔ two unpublished pools with the same expansion key have independent grants and economics (0.8721ms)
✔ identity survives threshold changes and different pools cannot inherit legacy grants (3.6141ms)
✔ effective filtering is OR with no duplicates and never changes the input snapshot (0.6238ms)
✔ visual lock delays only presentation after a committed unlock (0.8958ms)
✔ zero active pools do not fall back to inactive content (0.9316ms)
✔ legacy special reveals and explicit templates are reusable without pool identity (0.9216ms)
✔ malformed pool 1: POOL_COST_INVALID (0.3825ms)
✔ malformed pool 2: POOL_COST_INVALID (0.2505ms)
✔ malformed pool 3: POOL_COST_INVALID (2.7045ms)
✔ malformed pool 4: POOL_COST_INVALID (0.3656ms)
✔ malformed pool 5: POOL_RATE_INVALID (0.1884ms)
✔ malformed pool 6: POOL_RATE_INVALID (0.1064ms)
✔ malformed pool 7: POOL_RATE_SUM (0.11ms)
✔ malformed pool 8: POOL_RATE_SUM (0.098ms)
✔ malformed pool 9: POOL_PITY_INVALID (0.7362ms)
✔ malformed pool 10: POOL_PITY_INVALID (0.1268ms)
✔ malformed pool 11: POOL_ACTIVE_INVALID (0.094ms)
✔ malformed pool 12: POOL_ID_INVALID (0.0807ms)
✔ malformed pool 13: POOL_LIST_INVALID (0.0824ms)
✔ malformed pool 14: POOL_LIST_DUPLICATE (0.1457ms)
✔ malformed pool 15: POOL_LIST_ENTRY (0.0977ms)
✔ malformed pool 16: POOL_THEME_UNKNOWN (0.1091ms)
✔ malformed pool 17: POOL_ANIMATION_UNKNOWN (0.1103ms)
✔ malformed pool 18: POOL_THRESHOLD_INVALID (0.1241ms)
✔ malformed pool 19: POOL_PROGRESS_SCOPE (0.1486ms)
✔ malformed pool 20: POOL_EXPANSION_KEY (0.1284ms)
✔ malformed pool 21: POOL_UNLOCK_ANIMATION (0.0919ms)
✔ malformed pool 22: POOL_REFERENCE_MISSING (0.1765ms)
✔ malformed pool 23: POOL_REFERENCE_PHASE (0.1744ms)
✔ malformed pool 24: POOL_REFERENCE_PHASE (0.1387ms)
✔ malformed pool 25: POOL_EXPANSION_EMPTY (0.1098ms)
✔ draw count, malformed direct normalization, schema version, and catalog failures (0.4495ms)
✔ normal rates and pity reachable rarities each need valid candidates, including inactive pools (0.2422ms)
✔ presentation input remains inert plain text and unknown pet reveal templates are rejected (0.4514ms)
✔ published identity cannot disappear or silently change its gift; disabling is allowed (2.0923ms)
✔ all public model builders accept deeply frozen content and leave original catalog unchanged (0.5842ms)
✔ validator returns issues, without throwing, for malformed JSON-shaped field types (1.2421ms)
✔ an unused tag is an error even when another tag supplies valid candidates (0.2576ms)
✔ legacy presentation adapters use canonical registry and reject unknown content (0.3265ms)
✔ glacier template validates independently of pool identity and preserves all base candidates (0.3716ms)
✔ reveal controller reuses explicit metadata and preserves legacy captions (0.2079ms)
✔ shared schema forwards all pool contract errors and preserves pet reveal metadata (1.5864ms)
✔ Builder preview keeps legacy shape and adds effective unlocked counts without throwing on errors (1.1376ms)
✔ read-only pool CLI reports valid official content and exits nonzero for wrong catalog shape (719.4844ms)
✔ actual legacy activation evicts preview; verified navigation, module and versioned bundle recover without lifecycle or DB effects (33.9492ms)
✔ legacy eviction followed by bad-hash never publishes unverified navigation, module or catalog bytes (6.406ms)
✔ legacy eviction followed by http-503 never publishes unverified navigation, module or catalog bytes (2.2078ms)
✔ legacy eviction followed by offline never publishes unverified navigation, module or catalog bytes (1.8718ms)
✔ partial eviction repairs only the missing canonical asset and ignores caller query versions (2.5972ms)
✔ recovery never borrows another namespace or touches an out-of-scope URL (2.6918ms)
✔ two concurrent clients independently receive complete verified bytes and leave one canonical cache entry (10.0178ms)
✔ a racing wrong-generation response cannot overwrite another client’s verified repair (60.5297ms)
✔ source checkout has no profile or hashes: a cache miss fails closed without trusting a live URL (2.6602ms)
✔ release descriptor has no hash manifest: a cache miss fails closed without trusting a live URL (2.9868ms)
✔ release hash manifest omits this asset: a cache miss fails closed without trusting a live URL (3.7095ms)
✔ source checkout must not recover using stray hashes: a cache miss fails closed without trusting a live URL (2.1715ms)
▶ release artifact preparation is immutable, isolated and content complete
  ✔ dry-run validates without creating output or modifying source (1300.7391ms)
  ✔ production config, final-byte precache hashes and baseline files agree (2571.0963ms)
  ✔ identical inputs reuse identical artifact and preview is isolated (4650.731ms)
  ✔ recursive literal imports are discovered and missing imports fail before writes (1775.3473ms)
  ✔ another runtime validator cannot be certified using this checkout contract (815.267ms)
  ✔ later authoring promotion never changes the legacy URLs served to old clients (3326.4716ms)
  ✔ bootstrap entrypoint and its dynamic app import are included in precache (771.2306ms)
  ✔ missing image references and unsafe output roots are rejected (753.0773ms)
  ✔ candidate hashes, additive identities and unchanged legacy catalogs are enforced (7722.1973ms)
  ✔ existing artifact corruption and missing files are never overwritten (2802.8142ms)
  ✔ junction/symlink inputs and output roots are refused (120.1999ms)
✔ release artifact preparation is immutable, isolated and content complete (28508.651ms)
✔ release bootstrap opens no product code until controlled and refuses partial profiles or reload loops (2.6404ms)
✔ legacy or mismatched controlling worker cannot execute a new runtime before all old clients close (8.2585ms)
✔ first release installation failure and timeout reject without importing app or reloading (55.1661ms)
✔ release loader accepts exactly one hash-verified complete catalog generation (100.1345ms)
✔ incompatible, corrupt, partial and unavailable releases never fall back to mutable catalogs (32.6881ms)
✔ required precache 503 and digest mismatch abort installation before cache publication (41.9699ms)
✔ successful installation does not force activation, claim clients or honor old skip messages (7.021ms)
✔ both production and preview activation preserve every other cache namespace (16.4223ms)
✔ verified shell serves one generation online/offline and never reads another scope (6.8676ms)
✔ mailbox HTTP 503 falls back only to the exact current-scope cache entry (4.4312ms)
✔ assembled releases reject debug query, local flags and test currency before any write (3.0786ms)
✔ legacy perf shortcut cannot create a diagnostic panel in assembled releases (3.0168ms)
✔ tomorrow crosses month/year, next local reminder respects current time and DST gaps/folds (124.8371ms)
✔ projection excludes completed/archive/private text and titles require explicit opt-in (1.3264ms)
✔ digest deduplicates date conditions, excludes completed habits and resets weekly goals across weeks (1.426ms)
✔ subscription validation blocks arbitrary URL fetches and strips private payload fields (0.8595ms)
✔ anonymous credential protects state; sync is monotonic, idempotent and CORS is restricted (48.7986ms)
✔ parallel scheduler claims once, sends the current day and advances without a second notification (3.728ms)
✔ empty and expired summaries do not send; subscription expiry disables reminders (25.4182ms)
✔ temporary failures retry at most three times and do not block the next day (8.6133ms)
✔ Web Push payload is encrypted and decrypts using only the receiving device key (11.224ms)
✔ native share includes the official website once and the direct app once (1.2045ms)
✔ unsupported sharing and user cancellation remain distinct (0.3411ms)
✔ copy uses Clipboard API and falls back when permission is denied (0.2963ms)
✔ retired App animation setting does not leave old profiles in reduced mode (0.6384ms)
✔ sized image paths are optional and originals remain the fallback (14.5609ms)
✔ preloads with the same URL share one in-flight Image and retry failures (0.4084ms)
✔ first reveal card loads before its stage upgrade and ten-pull thumbnails (3.2608ms)
✔ slow stage image does not hold up the first card or other ten-pull thumbnails (21.4112ms)
✔ a failed sized asset retries the original PNG (0.7728ms)
✔ collection redraw is deferred once and remains dirty if rendering throws (0.2531ms)
✔ preview Pages uses a separate IndexedDB from the live Pages app (1.9703ms)
✔ preview service worker leaves live Pages caches intact (1.2726ms)
▶ strict verifier accepts assembler output and rejects unsafe or inconsistent deployment bytes
  ✔ genuine production and preview assembler output and CLI pass (5642.1234ms)
  ✔ all caller pins are mandatory and binding (24.68ms)
  ✔ extra, missing and untracked empty directories fail (2393.7835ms)
  ✔ nojekyll must be in both actual and pinned inventory (663.621ms)
  ✔ tampered bytes and forged byte counts fail (2806.5155ms)
  ✔ manifest traversal, Windows path aliases and self-inventory fail before use (5717.4449ms)
  ✔ directory symlinks/junctions and linked ancestor roots fail (975.339ms)
  ✔ rehashed inconsistent runtime descriptor is rejected without executing it (2158.6061ms)
  ✔ rehashed index and webmanifest deployment changes fail (5831.6326ms)
  ✔ rehashed SW descriptor, cache identity and registration changes fail (4703.726ms)
  ✔ rehashed precache digest or catalog edits cannot pass (3892.6553ms)
✔ strict verifier accepts assembler output and rejects unsafe or inconsistent deployment bytes (39398.1653ms)
✔ six gift themes consume every available material; every recipe and affinity reference is valid (1.3328ms)
✔ original six IDs, effects and recipes preserve existing inventory economics (0.1751ms)
✔ fire affinity grants 150; dogs and misleading names cannot infer affinity (0.2461ms)
✔ multi-affinity partners match multiple gifts without stacking; ordinary honey stays universal (0.1373ms)
✔ recommendations prioritize eligible non-max partners then levels/exp/ID; daily limits stay last (0.4113ms)
✔ unknown affinity and zero favorite partners still allow basic gifts; universal lists never claim favorites (0.6508ms)
✔ item-first view requires explicit item and recipient selections (0.4448ms)
✔ exhaustion resets choices and preserves success; unowned recipient is discarded (0.2615ms)
✔ limited/busy confirmation is disabled; max-level and basic effects are explicit (0.4247ms)
✔ nickname HTML is escaped and old inventories/usage logs survive normalization (0.3965ms)
✔ actual source worker installs all real assets and serves gift modules/data with the network unavailable (30.3469ms)
ℹ tests 207
ℹ suites 0
ℹ pass 207
ℹ fail 0
ℹ cancelled 0
ℹ skipped 0
ℹ todo 0
ℹ duration_ms 40657.9291
PASS: semantic APP_VERSION
PASS: CACHE_NAME declared
PASS: SW CACHE_NAME matches app
PASS: SW precache summonRevealService
PASS: 寵物圖未進 precache
PASS: DB_VERSION=3
PASS: all original fields of 72 legacy pets remain unchanged; additive image variants are allowed
PASS: 72 legacy Lore entries remain unchanged after source promotion
PASS: complete modern pet/Lore identities match
PASS: standard=56 (got 56)
PASS: eternal locked=12 (got 12)
PASS: eternal unlocked=16
PASS: cost=100
PASS: pity unchanged
PASS: rates unchanged
PASS: introSkipped flag
PASS: skipIntroRitual
PASS: no skipped&&queue gate
PASS: revealQueueSkipped
PASS: advanceOnce
PASS: stopPropagation
PASS: queue keeps compensation
PASS: localhost guard
PASS: prod removes dev section
PASS: pendingAwakening
PASS: awakening after result
PASS: queue length 3 (got 3)
PASS: duplicate petId preserved
PASS: UR third
PASS: original order indices
PASS: compensation retained
PASS: shouldPlayReveal
PASS: runtime APP_VERSION
PASS: runtime CACHE_NAME
PASS: SW URL matches version

---
All Node logic assertions passed.
✔ three save-compatible worlds only use authored wolf scenes for the actual wolf (1.3621ms)
✔ text, status and action tokens retain AA contrast on their solid surfaces (16.71ms)
✔ three mobile scene assets decode, preserve 3:2 composition and fit the offline art budget (11.59ms)
✔ one fixed primary icon has a real 1024 master and separate maskable safe margin (24.8077ms)
✔ new presentation dependencies and home art are included in the verified offline closure (1.8741ms)
✔ all three user themes survive preference normalization; legacy and unknown values fall back (2.3348ms)
✔ third theme backup restore preserves tasks, wallet, collection and progression exactly (13.0837ms)
✔ journey counts only actual today plans and today completions, including the empty state (0.4178ms)
✔ companion presentation escapes user names and does not pretend an empty collection owns a pet (0.5373ms)
✔ owned pets without a companion lead to collection instead of another summon (0.3391ms)
✔ home refresh replaces the empty summon entry when the first pet becomes owned (18.8813ms)
ℹ tests 11
ℹ suites 0
ℹ pass 11
ℹ fail 0
ℹ cancelled 0
ℹ skipped 0
ℹ todo 0
ℹ duration_ms 306.1577
✔ sugar template dispatches with arbitrary pool identity; old default stays unthemed (4.0083ms)
✔ each UR reveal resolves from data and cannot be attached to a low rarity (0.5201ms)
✔ ten-pull queue preserves both URs, repeated characters and original positions (0.9596ms)
✔ sugar prelude is one bounded sequence per pull, with short reduced motion (0.2859ms)
✔ real 12-pet pool is registered and complete without unlock or altered economics (5.7931ms)
ℹ tests 5
ℹ suites 0
ℹ pass 5
ℹ fail 0
ℹ cancelled 0
ℹ skipped 0
ℹ todo 0
ℹ duration_ms 224.3763
