
> test
> node --test devtools/font-size-settings.test.mjs devtools/workshop-gifts.test.mjs devtools/gameplay-improvement.test.mjs devtools/summon-perf.test.mjs devtools/backup-safety.test.mjs devtools/pool-content-contract.test.mjs devtools/gacha-transaction.test.mjs devtools/app-update.test.mjs devtools/release-safety.test.mjs devtools/release-artifact.test.mjs devtools/card-pool-pipeline.test.mjs devtools/verify-release-artifact.test.mjs devtools/preview-cache-recovery.test.mjs devtools/onboarding-flow.test.mjs devtools/feedback.test.mjs devtools/feedback-backend.test.mjs devtools/share-service.test.mjs devtools/reminders.test.mjs && node devtools/v343-reveal-flow-logic-test.mjs && node --test devtools/theme-preferences.test.mjs devtools/theme-design.test.mjs && node --test devtools/honeylight-animation.test.mjs

✔ a complete asynchronous UI action blocks updates across gaps between writes, then unlocks (3.9168ms)
✔ explicit update activates only the installed, pinned generation with one scoped caller; never claims (35.9757ms)
✔ another app window vetoes activation, including uncontrolled and legacy clients (4.0354ms)
✔ preview sibling clients do not block the production scope (4.7975ms)
✔ missing cache, wrong artifact, active worker, wrong caller and legacy skip remain fail closed (12.3033ms)
✔ bootstrap verifies new worker bytes installed at an old script URL before opening the DB/runtime (3.1112ms)
✔ verified historical exporters remain valid and migrate to complete snapshots (30.5413ms)
✔ pre-camp V3.4.17 backup remains importable without camp or new region fields (1.8603ms)
✔ partial current backup cannot masquerade as an older complete shape (1.0518ms)
✔ every current core field is required before normalization (3.4759ms)
✔ top-level/data and projected aliases must agree (2.5998ms)
✔ duplicate persistent keys and malformed nested records are rejected (4.4792ms)
✔ money, counters, booleans and dangerous object keys fail closed (6.1935ms)
✔ future/unknown partial formats are rejected with a compatibility explanation (1.6336ms)
✔ snapshot restoration does not roll historical quest dates forward or maximize draws (5.0865ms)
✔ empty nested state and ID-only rows cannot be silently normalized into defaults (14.4366ms)
✔ every serialized nested state field is required before legacy normalization (113.5037ms)
✔ malformed nested maps, date/counter values and missing fixed entries fail closed (7.4578ms)
✔ collection state cannot override trusted catalog presentation through companion merge (4.0094ms)
✔ valid daily, cancelled and weekly habit logs and item usage variants remain accepted (0.6377ms)
✔ active/completed expeditions preserve full reward records and reject partial rewards (7.4374ms)
✔ daily history supports check-in, wheel-only and combined persisted variants (1.1703ms)
✔ export preflight permits fresh/mixed legacy stores but refuses existing malformed state (1.8409ms)
✔ claim markers that normalizers would discard or rewrite are rejected (2.2081ms)
✔ reviewed animation choice is hash-bound and cannot silently fall back to none (5056.6758ms)
✔ glacier scaffold carries its reviewed animation and no expansion through staging (7454.7585ms)
✔ synthetic pool SOP approves exact bytes, stages all catalogs and 512px variants, and deterministically resumes (19562.713ms)
✔ hash approval requires ordered reviews, preserves history and invalidates changed downstream content (7856.3118ms)
✔ missing or modified approval snapshot blocks staging and is never silently recreated or overwritten (3774.0044ms)
✔ invalid economics, missing unlock, wrong gift, conflicting tags and pet IDs block approval (748.4848ms)
✔ unreachable rarity, missing Lore and incomplete prompts block the candidate (326.2209ms)
✔ assets require real complete square PNGs at least 512px and image changes revoke approval (8458.3468ms)
✔ pool and pet reservations survive separate drafts and concurrent init; dead lock is never stolen (1387.2189ms)
✔ baseline drift blocks stale workspaces and a reviewed source promotion preserves first pool in the next candidate (8277.078ms)
✔ reused candidate must match reproduced approved bytes, even if an altered catalog updates its self-hashes (8166.7981ms)
✔ interrupted staging leaves approved sources usable and does not reuse a partial directory (4297.545ms)
✔ authoring and image writers reject external and internal junctions without modifying their targets (154.3137ms)
✔ CLI status, validation and dry-run use explicit fixture root and do not write reports or production files (3917.3447ms)
✔ anonymous report is durably inserted, retry is idempotent, altered payload cannot overwrite (128.7424ms)
✔ there is no public list or read endpoint; disallowed origins cannot send (3.4995ms)
✔ validation and streamed size limits reject bad input before database writes (5.0708ms)
✔ diagnostics allowlist and parameter binding prevent extra private fields and SQL injection (3.5625ms)
{"event":"feedback_intake_failed"}
✔ rate limit and database failure return retryable errors without false success (27.8766ms)
✔ daily cap prevents additional inserts but still acknowledges retries (18.8478ms)
✔ required fields reject whitespace and malformed persisted drafts recover safely (8.3694ms)
✔ drafts survive reload, can be cleared, and storage failures are reported (1.8358ms)
✔ diagnostics contain useful environment data without URLs, tasks or account data (0.3495ms)
✔ environment diagnostics require opt-in; reports have stable structure and an ID (8.6824ms)
✔ direct POST preserves special characters, omits credentials and verifies receipt (33.4622ms)
✔ long Chinese reports are submitted intact without URL length limits (0.4835ms)
✔ offline shell caches feedback modules and matches current version cache (42.7467ms)
✔ failed, rate-limited and malformed replies never count as accepted (26.4877ms)
✔ uncertain submissions reuse the exact payload after reload; receipt clears the draft (0.79ms)
✔ old preferences use the original size; invalid font sizes cannot alter the scale (0.9561ms)
✔ applying a font size does not overwrite the selected theme (0.2165ms)
✔ backups preserve font size and gameplay; backups without the field restore the original size (20.7257ms)
✔ single and ten preserve public result shapes, wallet fields, and within-ten duplicates (4.0738ms)
✔ SSR and UR pity boundaries, resets, legacy standard mirrors, and other pools stay independent (0.696ms)
✔ every rarity uses its existing duplicate compensation without erasing progression fields (1.1885ms)
✔ threshold single is locked; the next single can select an expanded candidate (0.6164ms)
✔ ten freezes every candidate before unlock and grants one actual-rarity gift after its results (0.448ms)
✔ two new pools sharing expansion key keep separate gifts and preserve the legacy grant identity (35.0493ms)
✔ gift recovery reconciles markers once, repairs only missing pets, and never guesses lost fragments (5.9422ms)
✔ rejected content, insufficient money, overflow and bad RNG never mutate planner inputs (3.487ms)
✔ planner accepts deeply frozen snapshots and changes no original counters, catalog or collection (0.3781ms)
✔ first forest journey uses one energy and three minutes only once (1.6854ms)
✔ one-star ordinary pet is useful and objectives make recognizable differences (1.187ms)
✔ stars and team specialties improve the result without requiring high rarity (0.2985ms)
✔ six regions have the same milestone ladder and camp materials span all regions (1.7636ms)
✔ first-use eligibility requires an entirely empty profile before normal initialization (1.7602ms)
✔ saved step and practice task survive normalization for resume (0.4426ms)
✔ existing users retain core decisions and receive unstarted chapters without a welcome (1.2368ms)
✔ chapters preserve reading position and practice evidence independently of core progress (0.5155ms)
✔ understanding a chapter does not claim practice or complete other chapters (0.2435ms)
✔ only the matching successful action at the practice step counts (1.0583ms)
✔ switching chapters pauses the old one; back and replay retain completed practice (0.3557ms)
✔ malformed chapter data cannot activate multiple coaches or invent practice (0.1342ms)
✔ teaching previews handle absent resources, full stars, cooldown and changing catalogs without writes (4.8278ms)
✔ guide advances only from successful matching product actions (0.7793ms)
✔ creating a task after choosing to continue later attaches it to the reward step (0.2153ms)
✔ dismissed and paused guides never advance from background actions (0.2379ms)
✔ legacy golden economics and locked/unlocked candidates are unchanged (4.786ms)
✔ legacy presentation preserves identity, heroes, cast order, and Chinese copy (2.0309ms)
✔ two unpublished pools with the same expansion key have independent grants and economics (2.9602ms)
✔ identity survives threshold changes and different pools cannot inherit legacy grants (3.6254ms)
✔ effective filtering is OR with no duplicates and never changes the input snapshot (1.8382ms)
✔ visual lock delays only presentation after a committed unlock (1.8749ms)
✔ zero active pools do not fall back to inactive content (0.4496ms)
✔ legacy special reveals and explicit templates are reusable without pool identity (0.5742ms)
✔ malformed pool 1: POOL_COST_INVALID (0.3133ms)
✔ malformed pool 2: POOL_COST_INVALID (0.3011ms)
✔ malformed pool 3: POOL_COST_INVALID (0.7131ms)
✔ malformed pool 4: POOL_COST_INVALID (0.138ms)
✔ malformed pool 5: POOL_RATE_INVALID (0.1182ms)
✔ malformed pool 6: POOL_RATE_INVALID (0.0791ms)
✔ malformed pool 7: POOL_RATE_SUM (0.08ms)
✔ malformed pool 8: POOL_RATE_SUM (0.0656ms)
✔ malformed pool 9: POOL_PITY_INVALID (0.0698ms)
✔ malformed pool 10: POOL_PITY_INVALID (0.0688ms)
✔ malformed pool 11: POOL_ACTIVE_INVALID (0.0561ms)
✔ malformed pool 12: POOL_ID_INVALID (0.0516ms)
✔ malformed pool 13: POOL_LIST_INVALID (0.0898ms)
✔ malformed pool 14: POOL_LIST_DUPLICATE (0.0757ms)
✔ malformed pool 15: POOL_LIST_ENTRY (0.059ms)
✔ malformed pool 16: POOL_THEME_UNKNOWN (0.0712ms)
✔ malformed pool 17: POOL_ANIMATION_UNKNOWN (0.0748ms)
✔ malformed pool 18: POOL_THRESHOLD_INVALID (0.4251ms)
✔ malformed pool 19: POOL_PROGRESS_SCOPE (0.3669ms)
✔ malformed pool 20: POOL_EXPANSION_KEY (0.7809ms)
✔ malformed pool 21: POOL_UNLOCK_ANIMATION (0.3066ms)
✔ malformed pool 22: POOL_REFERENCE_MISSING (0.1618ms)
✔ malformed pool 23: POOL_REFERENCE_PHASE (0.1231ms)
✔ malformed pool 24: POOL_REFERENCE_PHASE (0.1201ms)
✔ malformed pool 25: POOL_EXPANSION_EMPTY (0.1116ms)
✔ draw count, malformed direct normalization, schema version, and catalog failures (2.9133ms)
✔ normal rates and pity reachable rarities each need valid candidates, including inactive pools (0.6359ms)
✔ presentation input remains inert plain text and unknown pet reveal templates are rejected (2.3592ms)
✔ published identity cannot disappear or silently change its gift; disabling is allowed (1.721ms)
✔ all public model builders accept deeply frozen content and leave original catalog unchanged (0.4783ms)
✔ validator returns issues, without throwing, for malformed JSON-shaped field types (1.0834ms)
✔ an unused tag is an error even when another tag supplies valid candidates (0.176ms)
✔ legacy presentation adapters use canonical registry and reject unknown content (0.1939ms)
✔ glacier template validates independently of pool identity and preserves all base candidates (0.445ms)
✔ reveal controller reuses explicit metadata and preserves legacy captions (0.2252ms)
✔ shared schema forwards all pool contract errors and preserves pet reveal metadata (1.966ms)
✔ Builder preview keeps legacy shape and adds effective unlocked counts without throwing on errors (1.1475ms)
✔ read-only pool CLI reports valid official content and exits nonzero for wrong catalog shape (426.685ms)
✔ actual legacy activation evicts preview; verified navigation, module and versioned bundle recover without lifecycle or DB effects (42.1254ms)
✔ legacy eviction followed by bad-hash never publishes unverified navigation, module or catalog bytes (5.2012ms)
✔ legacy eviction followed by http-503 never publishes unverified navigation, module or catalog bytes (2.0759ms)
✔ legacy eviction followed by offline never publishes unverified navigation, module or catalog bytes (1.9495ms)
✔ partial eviction repairs only the missing canonical asset and ignores caller query versions (2.3533ms)
✔ recovery never borrows another namespace or touches an out-of-scope URL (3.2848ms)
✔ two concurrent clients independently receive complete verified bytes and leave one canonical cache entry (23.5079ms)
✔ a racing wrong-generation response cannot overwrite another client’s verified repair (31.4371ms)
✔ source checkout has no profile or hashes: a cache miss fails closed without trusting a live URL (5.8335ms)
✔ release descriptor has no hash manifest: a cache miss fails closed without trusting a live URL (9.9346ms)
✔ release hash manifest omits this asset: a cache miss fails closed without trusting a live URL (5.7726ms)
✔ source checkout must not recover using stray hashes: a cache miss fails closed without trusting a live URL (4.7303ms)
▶ release artifact preparation is immutable, isolated and content complete
  ✔ dry-run validates without creating output or modifying source (1126.7238ms)
  ✔ production config, final-byte precache hashes and baseline files agree (9529.3885ms)
  ✔ identical inputs reuse identical artifact and preview is isolated (10731.1187ms)
  ✔ recursive literal imports are discovered and missing imports fail before writes (12702.2013ms)
  ✔ another runtime validator cannot be certified using this checkout contract (2184.2803ms)
  ✔ later authoring promotion never changes the legacy URLs served to old clients (7964.1107ms)
  ✔ bootstrap entrypoint and its dynamic app import are included in precache (6512.6807ms)
  ✔ missing image references and unsafe output roots are rejected (3209.8419ms)
  ✔ candidate hashes, additive identities and unchanged legacy catalogs are enforced (17069.6855ms)
  ✔ existing artifact corruption and missing files are never overwritten (4074.2185ms)
  ✔ junction/symlink inputs and output roots are refused (320.9883ms)
✔ release artifact preparation is immutable, isolated and content complete (77557.0568ms)
✔ release bootstrap opens no product code until controlled and refuses partial profiles or reload loops (2.1907ms)
✔ legacy or mismatched controlling worker cannot execute a new runtime before all old clients close (0.4118ms)
✔ first release installation failure and timeout reject without importing app or reloading (29.3433ms)
✔ release loader accepts exactly one hash-verified complete catalog generation (78.8279ms)
✔ incompatible, corrupt, partial and unavailable releases never fall back to mutable catalogs (35.0719ms)
✔ required precache 503 and digest mismatch abort installation before cache publication (35.5699ms)
✔ successful installation does not force activation, claim clients or honor old skip messages (11.2421ms)
✔ both production and preview activation preserve every other cache namespace (14.98ms)
✔ verified shell serves one generation online/offline and never reads another scope (3.7844ms)
✔ mailbox HTTP 503 falls back only to the exact current-scope cache entry (3.7811ms)
✔ assembled releases reject debug query, local flags and test currency before any write (5.5961ms)
✔ legacy perf shortcut cannot create a diagnostic panel in assembled releases (2.934ms)
✔ tomorrow crosses month/year, next local reminder respects current time and DST gaps/folds (68.456ms)
✔ projection excludes completed/archive/private text and titles require explicit opt-in (1.9945ms)
✔ digest deduplicates date conditions, excludes completed habits and resets weekly goals across weeks (4.2137ms)
✔ subscription validation blocks arbitrary URL fetches and strips private payload fields (1.8039ms)
✔ anonymous credential protects state; sync is monotonic, idempotent and CORS is restricted (46.4101ms)
✔ parallel scheduler claims once, sends the current day and advances without a second notification (4.4628ms)
✔ empty and expired summaries do not send; subscription expiry disables reminders (9.207ms)
✔ temporary failures retry at most three times and do not block the next day (6.2226ms)
✔ Web Push payload is encrypted and decrypts using only the receiving device key (11.5854ms)
✔ native share includes the official website once and the direct app once (1.2396ms)
✔ unsupported sharing and user cancellation remain distinct (0.2623ms)
✔ copy uses Clipboard API and falls back when permission is denied (0.2725ms)
✔ retired App animation setting does not leave old profiles in reduced mode (0.9005ms)
✔ sized image paths are optional and originals remain the fallback (1.1357ms)
✔ preloads with the same URL share one in-flight Image and retry failures (0.4751ms)
✔ first reveal card loads before its stage upgrade and ten-pull thumbnails (3.5939ms)
✔ slow stage image does not hold up the first card or other ten-pull thumbnails (12.5169ms)
✔ a failed sized asset retries the original PNG (1.8865ms)
✔ collection redraw is deferred once and remains dirty if rendering throws (0.3244ms)
✔ preview Pages uses a separate IndexedDB from the live Pages app (7.5198ms)
✔ preview service worker leaves live Pages caches intact (3.4033ms)
▶ strict verifier accepts assembler output and rejects unsafe or inconsistent deployment bytes
  ✔ genuine production and preview assembler output and CLI pass (24863.7652ms)
  ✔ all caller pins are mandatory and binding (123.8961ms)
  ✔ extra, missing and untracked empty directories fail (6502.429ms)
  ✔ nojekyll must be in both actual and pinned inventory (1008.4683ms)
  ✔ tampered bytes and forged byte counts fail (5409.5376ms)
  ✔ manifest traversal, Windows path aliases and self-inventory fail before use (15508.9924ms)
  ✔ directory symlinks/junctions and linked ancestor roots fail (1719.4159ms)
  ✔ rehashed inconsistent runtime descriptor is rejected without executing it (1826.1288ms)
  ✔ rehashed index and webmanifest deployment changes fail (12384.0892ms)
  ✔ rehashed SW descriptor, cache identity and registration changes fail (10349.6785ms)
  ✔ rehashed precache digest or catalog edits cannot pass (5377.9272ms)
✔ strict verifier accepts assembler output and rejects unsafe or inconsistent deployment bytes (91070.5666ms)
✔ six gift themes consume every available material; every recipe and affinity reference is valid (12.5999ms)
✔ original six IDs, effects and recipes preserve existing inventory economics (1.2952ms)
✔ fire affinity grants 150; dogs and misleading names cannot infer affinity (1.3956ms)
✔ multi-affinity partners match multiple gifts without stacking; ordinary honey stays universal (0.2506ms)
✔ recommendations prioritize eligible non-max partners then levels/exp/ID; daily limits stay last (3.5798ms)
✔ unknown affinity and zero favorite partners still allow basic gifts; universal lists never claim favorites (5.5764ms)
✔ item-first view requires explicit item and recipient selections (2.9994ms)
✔ exhaustion resets choices and preserves success; unowned recipient is discarded (1.0116ms)
✔ limited/busy confirmation is disabled; max-level and basic effects are explicit (2.8795ms)
✔ nickname HTML is escaped and old inventories/usage logs survive normalization (5.9205ms)
✔ actual source worker installs all real assets and serves gift modules/data with the network unavailable (45.7941ms)
ℹ tests 207
ℹ suites 0
ℹ pass 207
ℹ fail 0
ℹ cancelled 0
ℹ skipped 0
ℹ todo 0
ℹ duration_ms 91639.1983
PASS: semantic APP_VERSION
PASS: CACHE_NAME declared
PASS: SW CACHE_NAME matches app
PASS: SW precache summonRevealService
PASS: 寵物圖未進 precache
PASS: DB_VERSION=3
PASS: all original fields of 72 legacy pets remain unchanged; additive image variants are allowed
PASS: 72 legacy Lore entries remain unchanged after source promotion
PASS: complete modern pet/Lore identities match
PASS: standard=56 (got 56)
PASS: eternal locked=12 (got 12)
PASS: eternal unlocked=16
PASS: cost=100
PASS: pity unchanged
PASS: rates unchanged
PASS: introSkipped flag
PASS: skipIntroRitual
PASS: no skipped&&queue gate
PASS: revealQueueSkipped
PASS: advanceOnce
PASS: stopPropagation
PASS: queue keeps compensation
PASS: localhost guard
PASS: prod removes dev section
PASS: pendingAwakening
PASS: awakening after result
PASS: queue length 3 (got 3)
PASS: duplicate petId preserved
PASS: UR third
PASS: original order indices
PASS: compensation retained
PASS: shouldPlayReveal
PASS: runtime APP_VERSION
PASS: runtime CACHE_NAME
PASS: SW URL matches version

---
All Node logic assertions passed.
✔ three save-compatible worlds only use authored wolf scenes for the actual wolf (1.1209ms)
✔ text, status and action tokens retain AA contrast on their solid surfaces (3.8075ms)
✔ three mobile scene assets decode, preserve 3:2 composition and fit the offline art budget (4.0544ms)
✔ one fixed primary icon has a real 1024 master and separate maskable safe margin (38.9896ms)
✔ new presentation dependencies and home art are included in the verified offline closure (1.6325ms)
✔ all three user themes survive preference normalization; legacy and unknown values fall back (0.6808ms)
✔ third theme backup restore preserves tasks, wallet, collection and progression exactly (41.8452ms)
✔ journey counts only actual today plans and today completions, including the empty state (0.3196ms)
✔ companion presentation escapes user names and does not pretend an empty collection owns a pet (0.4495ms)
✔ owned pets without a companion lead to collection instead of another summon (0.1312ms)
✔ home refresh replaces the empty summon entry when the first pet becomes owned (81.0455ms)
ℹ tests 11
ℹ suites 0
ℹ pass 11
ℹ fail 0
ℹ cancelled 0
ℹ skipped 0
ℹ todo 0
ℹ duration_ms 266.9657
✔ sugar template dispatches with arbitrary pool identity; old default stays unthemed (1.0273ms)
✔ each UR reveal resolves from data and cannot be attached to a low rarity (0.2653ms)
✔ ten-pull queue preserves both URs, repeated characters and original positions (0.6173ms)
✔ sugar prelude is one bounded sequence per pull, with short reduced motion (0.1701ms)
✔ real 12-pet pool is registered and complete without unlock or altered economics (2.9834ms)
ℹ tests 5
ℹ suites 0
ℹ pass 5
ℹ fail 0
ℹ cancelled 0
ℹ skipped 0
ℹ todo 0
ℹ duration_ms 124.3871
