node:internal/child_process:1143
    result.error = new ErrnoException(result.error, 'spawnSync ' + options.file);
                   ^

<ref *1> Error: spawnSync git ENOBUFS
    at Object.spawnSync (node:internal/child_process:1143:20)
    at spawnSync (node:child_process:911:24)
    at execFileSync (node:child_process:954:15)
    at git (file:///C:/Users/User/OneDrive/questnote-pwa/.worktrees/main-integration/reports/flow-deployment-2026-10-05/release.mjs:15:37)
    at file:///C:/Users/User/OneDrive/questnote-pwa/.worktrees/main-integration/reports/flow-deployment-2026-10-05/release.mjs:77:23 {
  errno: -4060,
  code: 'ENOBUFS',
  syscall: 'spawnSync git',
  path: 'git',
  spawnargs: [ 'cat-file', 'blob', '8e6cc091598b00f832244b7cd360d59fb390a139' ],
  error: [Circular *1],
  status: null,
  signal: 'SIGTERM',
  output: [
    null,
    Buffer(1114112) [Uint8Array] [
      137,  80, 78, 71,  13,  10,  26,  10,   0,   0,   0,  13,
       73,  72, 68, 82,   0,   0,   4, 230,   0,   0,   4, 230,
        8,   2,  0,  0,   0,  10, 158,  57, 125,   0,   0,  92,
      102,  99, 97, 66,  88,   0,   0,  92, 102, 106, 117, 109,
       98,   0,  0,  0,  30, 106, 117, 109, 100,  99,  50, 112,
       97,   0, 17,  0,  16, 128,   0,   0, 170,   0,  56, 155,
      113,   3, 99, 50, 112,  97,   0,   0,   0,  92,  64, 106,
      117, 109, 98,  0,   0,   0,  71, 106, 117, 109, 100,  99,
       50, 109, 97,  0,
      ... 1114012 more items
    ],
    Buffer(0) [Uint8Array] []
  ],
  pid: 35716,
  stdout: Buffer(1114112) [Uint8Array] [
    137,  80, 78, 71,  13,  10,  26,  10,   0,   0,   0,  13,
     73,  72, 68, 82,   0,   0,   4, 230,   0,   0,   4, 230,
      8,   2,  0,  0,   0,  10, 158,  57, 125,   0,   0,  92,
    102,  99, 97, 66,  88,   0,   0,  92, 102, 106, 117, 109,
     98,   0,  0,  0,  30, 106, 117, 109, 100,  99,  50, 112,
     97,   0, 17,  0,  16, 128,   0,   0, 170,   0,  56, 155,
    113,   3, 99, 50, 112,  97,   0,   0,   0,  92,  64, 106,
    117, 109, 98,  0,   0,   0,  71, 106, 117, 109, 100,  99,
     50, 109, 97,  0,
    ... 1114012 more items
  ],
  stderr: Buffer(0) [Uint8Array] []
}

Node.js v24.18.0
