{
  "status": "passed",
  "verifiedAt": "2026-10-01T16:53:17.290Z",
  "httpsUrl": "https://leotsouo.github.io/questnote-pwa-preview/",
  "artifactId": "472a10006cb4d729a4bb090c29d06f75a7e96e742a23de017c00c6230bbb532e",
  "detail": {
    "version": "3.5.3",
    "database": "QuestNotePreviewDB",
    "images": 20,
    "petCount": 20,
    "urCount": 3,
    "food": true,
    "region": true,
    "chapters": 80
  },
  "freshBrowserContext": true,
  "defaultStandardPreserved": true,
  "offlineReload": true,
  "blockedExternalOrigins": [],
  "errors": []
}
