PASS senior-replay
FAIL senior-first-320-large
locator.click: Timeout 15000ms exceeded.
Call log:
[2m  - waiting for locator('.twilight-add-task').first()[22m
[2m    - locator resolved to <button type="button" aria-label="新增任務" data-action="empty-add-task" aria-describedby="guided-instruction" class="twilight-add-task guided-target">…</button>[22m
[2m  - attempting click action[22m
[2m    - waiting for element to be visible, enabled and stable[22m
[2m    - element is visible, enabled and stable[22m
[2m    - scrolling into view if needed[22m
[2m    - done scrolling[22m
[2m    - <li aria-current="step">動手</li> from <div id="guided-onboarding-root">…</div> subtree intercepts pointer events[22m
[2m  - retrying click action[22m
[2m    - waiting for element to be visible, enabled and stable[22m
[2m    - element is visible, enabled and stable[22m
[2m    - scrolling into view if needed[22m
[2m    - done scrolling[22m
[2m    - <p aria-live="polite" id="guided-instruction">點一下「新增任務」。夥伴會陪你準備。</p> from <div id="guided-onboarding-root">…</div> subtree intercepts pointer events[22m
[2m  - retrying click action[22m
[2m    - waiting 20ms[22m
[2m    - waiting for element to be visible, enabled and stable[22m
[2m    - element is visible, enabled and stable[22m
[2m    - scrolling into view if needed[22m
[2m    - done scrolling[22m
[2m    - <h2 id="guided-title">新增你的第一個 Quest</h2> from <div id="guided-onboarding-root">…</div> subtree intercepts pointer events[22m
[2m  2 × retrying click action[22m
[2m      - waiting 100ms[22m
[2m      - waiting for element to be visible, enabled and stable[22m
[2m      - element is visible, enabled and stable[22m
[2m      - scrolling into view if needed[22m
[2m      - done scrolling[22m
[2m      - <li aria-current="step">動手</li> from <div id="guided-onboarding-root">…</div> subtree intercepts pointer events[22m
[2m  7 × retrying click action[22m
[2m      - waiting 500ms[22m
AssertionError [ERR_ASSERTION]: senior-first-320-large
    at walk (file:///C:/Users/User/OneDrive/questnote-pwa/.worktrees/senior-friendly/devtools/senior-guided-browser-test.mjs:93:12)
    at async file:///C:/Users/User/OneDrive/questnote-pwa/.worktrees/senior-friendly/devtools/senior-guided-browser-test.mjs:114:3
[2m      - waiting for element to be visible, enabled and stable[22m
[2m      - element is visible, enabled and stable[22m
[2m      - scrolling into view if needed[22m
[2m      - done scrolling[22m
[2m      - <p aria-live="polite" id="guided-instruction">點一下「新增任務」。夥伴會陪你準備。</p> from <div id="guided-onboarding-root">…</div> subtree intercepts pointer events[22m
[2m    - retrying click action[22m
[2m      - waiting 500ms[22m
[2m      - waiting for element to be visible, enabled and stable[22m
[2m      - element is visible, enabled and stable[22m
[2m      - scrolling into view if needed[22m
[2m      - done scrolling[22m
[2m      - <h2 id="guided-title">新增你的第一個 Quest</h2> from <div id="guided-onboarding-root">…</div> subtree intercepts pointer events[22m
[2m    - retrying click action[22m
[2m      - waiting 500ms[22m
[2m      - waiting for element to be visible, enabled and stable[22m
[2m      - element is visible, enabled and stable[22m
[2m      - scrolling into view if needed[22m
[2m      - done scrolling[22m
[2m      - <li aria-current="step">動手</li> from <div id="guided-onboarding-root">…</div> subtree intercepts pointer events[22m
[2m    - retrying click action[22m
[2m      - waiting 500ms[22m
[2m      - waiting for element to be visible, enabled and stable[22m
[2m      - element is visible, enabled and stable[22m
[2m      - scrolling into view if needed[22m
[2m      - done scrolling[22m
[2m      - <li aria-current="step">動手</li> from <div id="guided-onboarding-root">…</div> subtree intercepts pointer events[22m
[2m  - retrying click action[22m
[2m    - waiting 500ms[22m

    at click (C:\Users\User\OneDrive\questnote-pwa\.worktrees\senior-friendly\devtools\senior-guided-browser-test.mjs:57:16)
    at async walk (C:\Users\User\OneDrive\questnote-pwa\.worktrees\senior-friendly\devtools\senior-guided-browser-test.mjs:69:7)
    at async file:///C:/Users/User/OneDrive/questnote-pwa/.worktrees/senior-friendly/devtools/senior-guided-browser-test.mjs:114:3
{
  guided: {
    status: 'active',
    step: 'OPEN_CREATE_QUEST',
    key: 'guidedOnboarding',
    schemaVersion: 1,
    onboardingVersion: 1,
    mode: 'first',
    runId: 'first',
    taskId: null,
    onboardingCompletedVersion: 0,
    reward: null,
    starterGrantedAt: '2026-10-04T12:15:59.042Z'
  },
  active: 'view-tasks',
  inert: false
}
